[suwankim@localhost ~]$ dmesg 
[    0.000000] microcode: microcode updated early to revision 0x20, date = 2018-04-10
[    0.000000] Linux version 4.20.0sw.kim+ (suwankim@localhost.localdomain) (gcc version 8.2.1 20181105 (Red Hat 8.2.1-5) (GCC)) #17 SMP Wed Dec 26 14:23:09 KST 2018
[    0.000000] Command line: BOOT_IMAGE=/vmlinuz-4.20.0sw.kim+ root=/dev/mapper/fedora-root ro resume=/dev/mapper/fedora-swap rd.lvm.lv=fedora/root rd.lvm.lv=fedora/swap rhgb quiet LANG=en_US.UTF-8
[    0.000000] x86/fpu: Supporting XSAVE feature 0x001: 'x87 floating point registers'
[    0.000000] x86/fpu: Supporting XSAVE feature 0x002: 'SSE registers'
[    0.000000] x86/fpu: Supporting XSAVE feature 0x004: 'AVX registers'
[    0.000000] x86/fpu: xstate_offset[2]:  576, xstate_sizes[2]:  256
[    0.000000] x86/fpu: Enabled xstate features 0x7, context size is 832 bytes, using 'standard' format.
[    0.000000] BIOS-provided physical RAM map:
[    0.000000] BIOS-e820: [mem 0x0000000000000000-0x000000000009ebff] usable
[    0.000000] BIOS-e820: [mem 0x000000000009ec00-0x000000000009ffff] reserved
[    0.000000] BIOS-e820: [mem 0x00000000000e0000-0x00000000000fffff] reserved
[    0.000000] BIOS-e820: [mem 0x0000000000100000-0x000000001fffffff] usable
[    0.000000] BIOS-e820: [mem 0x0000000020000000-0x00000000201fffff] reserved
[    0.000000] BIOS-e820: [mem 0x0000000020200000-0x0000000040003fff] usable
[    0.000000] BIOS-e820: [mem 0x0000000040004000-0x0000000040004fff] reserved
[    0.000000] BIOS-e820: [mem 0x0000000040005000-0x00000000d9049fff] usable
[    0.000000] BIOS-e820: [mem 0x00000000d904a000-0x00000000d97bafff] reserved
[    0.000000] BIOS-e820: [mem 0x00000000d97bb000-0x00000000d97bbfff] ACPI data
[    0.000000] BIOS-e820: [mem 0x00000000d97bc000-0x00000000d98eafff] ACPI NVS
[    0.000000] BIOS-e820: [mem 0x00000000d98eb000-0x00000000da2dcfff] reserved
[    0.000000] BIOS-e820: [mem 0x00000000da2dd000-0x00000000da2ddfff] usable
[    0.000000] BIOS-e820: [mem 0x00000000da2de000-0x00000000da320fff] ACPI NVS
[    0.000000] BIOS-e820: [mem 0x00000000da321000-0x00000000dac88fff] usable
[    0.000000] BIOS-e820: [mem 0x00000000dac89000-0x00000000dafd8fff] reserved
[    0.000000] BIOS-e820: [mem 0x00000000dafd9000-0x00000000daffffff] usable
[    0.000000] BIOS-e820: [mem 0x00000000db800000-0x00000000df9fffff] reserved
[    0.000000] BIOS-e820: [mem 0x00000000f8000000-0x00000000fbffffff] reserved
[    0.000000] BIOS-e820: [mem 0x00000000fec00000-0x00000000fec00fff] reserved
[    0.000000] BIOS-e820: [mem 0x00000000fed00000-0x00000000fed03fff] reserved
[    0.000000] BIOS-e820: [mem 0x00000000fed1c000-0x00000000fed1ffff] reserved
[    0.000000] BIOS-e820: [mem 0x00000000fee00000-0x00000000fee00fff] reserved
[    0.000000] BIOS-e820: [mem 0x00000000ff000000-0x00000000ffffffff] reserved
[    0.000000] BIOS-e820: [mem 0x0000000100000000-0x000000021f5fffff] usable
[    0.000000] NX (Execute Disable) protection: active
[    0.000000] SMBIOS 2.7 present.
[    0.000000] DMI: Gigabyte Technology Co., Ltd. To be filled by O.E.M./Z77-D3H, BIOS F18 08/21/2012
[    0.000000] tsc: Fast TSC calibration using PIT
[    0.000000] tsc: Detected 3503.556 MHz processor
[    0.001925] e820: update [mem 0x00000000-0x00000fff] usable ==> reserved
[    0.001927] e820: remove [mem 0x000a0000-0x000fffff] usable
[    0.001933] last_pfn = 0x21f600 max_arch_pfn = 0x400000000
[    0.001936] MTRR default type: uncachable
[    0.001936] MTRR fixed ranges enabled:
[    0.001937]   00000-9FFFF write-back
[    0.001938]   A0000-BFFFF uncachable
[    0.001938]   C0000-CFFFF write-protect
[    0.001939]   D0000-E7FFF uncachable
[    0.001939]   E8000-FFFFF write-protect
[    0.001940] MTRR variable ranges enabled:
[    0.001940]   0 base 000000000 mask E00000000 write-back
[    0.001941]   1 base 200000000 mask FE0000000 write-back
[    0.001942]   2 base 0E0000000 mask FE0000000 uncachable
[    0.001942]   3 base 0DC000000 mask FFC000000 uncachable
[    0.001943]   4 base 0DB800000 mask FFF800000 uncachable
[    0.001943]   5 base 21F800000 mask FFF800000 uncachable
[    0.001944]   6 base 21F600000 mask FFFE00000 uncachable
[    0.001944]   7 disabled
[    0.001945]   8 disabled
[    0.001945]   9 disabled
[    0.002765] x86/PAT: Configuration [0-7]: WB  WC  UC- UC  WB  WP  UC- WT  
[    0.002861] e820: update [mem 0xdb800000-0xffffffff] usable ==> reserved
[    0.002864] last_pfn = 0xdb000 max_arch_pfn = 0x400000000
[    0.010563] found SMP MP-table at [mem 0x000fd770-0x000fd77f] mapped at [(____ptrval____)]
[    0.038502] Base memory trampoline at [(____ptrval____)] 98000 size 24576
[    0.038506] BRK [0x1dae01000, 0x1dae01fff] PGTABLE
[    0.038507] BRK [0x1dae02000, 0x1dae02fff] PGTABLE
[    0.038508] BRK [0x1dae03000, 0x1dae03fff] PGTABLE
[    0.038555] BRK [0x1dae04000, 0x1dae04fff] PGTABLE
[    0.038557] BRK [0x1dae05000, 0x1dae05fff] PGTABLE
[    0.038659] BRK [0x1dae06000, 0x1dae06fff] PGTABLE
[    0.038808] BRK [0x1dae07000, 0x1dae07fff] PGTABLE
[    0.038808] BRK [0x1dae08000, 0x1dae08fff] PGTABLE
[    0.038908] BRK [0x1dae09000, 0x1dae09fff] PGTABLE
[    0.038915] BRK [0x1dae0a000, 0x1dae0afff] PGTABLE
[    0.038968] BRK [0x1dae0b000, 0x1dae0bfff] PGTABLE
[    0.039050] BRK [0x1dae0c000, 0x1dae0cfff] PGTABLE
[    0.039413] RAMDISK: [mem 0x2c2a9000-0x3214cfff]
[    0.039418] ACPI: Early table checksum verification disabled
[    0.048783] ACPI: RSDP 0x00000000000F0490 000024 (v02 ALASKA)
[    0.048786] ACPI: XSDT 0x00000000D98CC070 00005C (v01 ALASKA A M I    01072009 AMI  00010013)
[    0.048790] ACPI: FACP 0x00000000D98D5B08 0000F4 (v04 ALASKA A M I    01072009 AMI  00010013)
[    0.048793] ACPI: DSDT 0x00000000D98CC160 0099A4 (v02 ALASKA A M I    00000012 INTL 20051117)
[    0.048795] ACPI: FACS 0x00000000D98E9F80 000040
[    0.048797] ACPI: APIC 0x00000000D98D5C00 000092 (v03 ALASKA A M I    01072009 AMI  00010013)
[    0.048799] ACPI: MCFG 0x00000000D98D5C98 00003C (v01                 01072009 MSFT 00000097)
[    0.048801] ACPI: HPET 0x00000000D98D5CD8 000038 (v01 ALASKA A M I    01072009 AMI. 00000005)
[    0.048803] ACPI: SSDT 0x00000000D98D5D10 000495 (v01 IdeRef IdeTable 00001000 INTL 20091112)
[    0.048805] ACPI: SSDT 0x00000000D98D61A8 0009AA (v01 PmRef  Cpu0Ist  00003000 INTL 20051117)
[    0.048807] ACPI: SSDT 0x00000000D98D6B58 000A92 (v01 PmRef  CpuPm    00003000 INTL 20051117)
[    0.048814] ACPI: Local APIC address 0xfee00000
[    0.048881] No NUMA configuration found
[    0.048882] Faking a node at [mem 0x0000000000000000-0x000000021f5fffff]
[    0.048889] NODE_DATA(0) allocated [mem 0x21f5d0000-0x21f5fafff]
[    0.061874] Zone ranges:
[    0.061875]   DMA      [mem 0x0000000000001000-0x0000000000ffffff]
[    0.061876]   DMA32    [mem 0x0000000001000000-0x00000000ffffffff]
[    0.061877]   Normal   [mem 0x0000000100000000-0x000000021f5fffff]
[    0.061877]   Device   empty
[    0.061878] Movable zone start for each node
[    0.061880] Early memory node ranges
[    0.061881]   node   0: [mem 0x0000000000001000-0x000000000009dfff]
[    0.061881]   node   0: [mem 0x0000000000100000-0x000000001fffffff]
[    0.061882]   node   0: [mem 0x0000000020200000-0x0000000040003fff]
[    0.061882]   node   0: [mem 0x0000000040005000-0x00000000d9049fff]
[    0.061883]   node   0: [mem 0x00000000da2dd000-0x00000000da2ddfff]
[    0.061883]   node   0: [mem 0x00000000da321000-0x00000000dac88fff]
[    0.061883]   node   0: [mem 0x00000000dafd9000-0x00000000daffffff]
[    0.061884]   node   0: [mem 0x0000000100000000-0x000000021f5fffff]
[    0.062224] Zeroed struct page in unavailable ranges: 26762 pages
[    0.062226] Initmem setup node 0 [mem 0x0000000000001000-0x000000021f5fffff]
[    0.062227] On node 0 totalpages: 2067830
[    0.062228]   DMA zone: 64 pages used for memmap
[    0.062228]   DMA zone: 21 pages reserved
[    0.062229]   DMA zone: 3997 pages, LIFO batch:0
[    0.062311]   DMA32 zone: 13856 pages used for memmap
[    0.062312]   DMA32 zone: 886745 pages, LIFO batch:63
[    0.080839]   Normal zone: 18392 pages used for memmap
[    0.080840]   Normal zone: 1177088 pages, LIFO batch:63
[    0.103634] Reserving Intel graphics memory at [mem 0xdba00000-0xdf9fffff]
[    0.103713] ACPI: PM-Timer IO Port: 0x408
[    0.103715] ACPI: Local APIC address 0xfee00000
[    0.103720] ACPI: LAPIC_NMI (acpi_id[0xff] high edge lint[0x1])
[    0.103729] IOAPIC[0]: apic_id 2, version 32, address 0xfec00000, GSI 0-23
[    0.103731] ACPI: INT_SRC_OVR (bus 0 bus_irq 0 global_irq 2 dfl dfl)
[    0.103732] ACPI: INT_SRC_OVR (bus 0 bus_irq 9 global_irq 9 high level)
[    0.103733] ACPI: IRQ0 used by override.
[    0.103734] ACPI: IRQ9 used by override.
[    0.103735] Using ACPI (MADT) for SMP configuration information
[    0.103736] ACPI: HPET id: 0x8086a701 base: 0xfed00000
[    0.103739] smpboot: Allowing 8 CPUs, 0 hotplug CPUs
[    0.103755] PM: Registered nosave memory: [mem 0x00000000-0x00000fff]
[    0.103756] PM: Registered nosave memory: [mem 0x0009e000-0x0009efff]
[    0.103757] PM: Registered nosave memory: [mem 0x0009f000-0x0009ffff]
[    0.103757] PM: Registered nosave memory: [mem 0x000a0000-0x000dffff]
[    0.103757] PM: Registered nosave memory: [mem 0x000e0000-0x000fffff]
[    0.103758] PM: Registered nosave memory: [mem 0x20000000-0x201fffff]
[    0.103759] PM: Registered nosave memory: [mem 0x40004000-0x40004fff]
[    0.103760] PM: Registered nosave memory: [mem 0xd904a000-0xd97bafff]
[    0.103761] PM: Registered nosave memory: [mem 0xd97bb000-0xd97bbfff]
[    0.103761] PM: Registered nosave memory: [mem 0xd97bc000-0xd98eafff]
[    0.103761] PM: Registered nosave memory: [mem 0xd98eb000-0xda2dcfff]
[    0.103763] PM: Registered nosave memory: [mem 0xda2de000-0xda320fff]
[    0.103764] PM: Registered nosave memory: [mem 0xdac89000-0xdafd8fff]
[    0.103765] PM: Registered nosave memory: [mem 0xdb000000-0xdb7fffff]
[    0.103765] PM: Registered nosave memory: [mem 0xdb800000-0xdf9fffff]
[    0.103765] PM: Registered nosave memory: [mem 0xdfa00000-0xf7ffffff]
[    0.103766] PM: Registered nosave memory: [mem 0xf8000000-0xfbffffff]
[    0.103766] PM: Registered nosave memory: [mem 0xfc000000-0xfebfffff]
[    0.103767] PM: Registered nosave memory: [mem 0xfec00000-0xfec00fff]
[    0.103767] PM: Registered nosave memory: [mem 0xfec01000-0xfecfffff]
[    0.103767] PM: Registered nosave memory: [mem 0xfed00000-0xfed03fff]
[    0.103768] PM: Registered nosave memory: [mem 0xfed04000-0xfed1bfff]
[    0.103768] PM: Registered nosave memory: [mem 0xfed1c000-0xfed1ffff]
[    0.103768] PM: Registered nosave memory: [mem 0xfed20000-0xfedfffff]
[    0.103769] PM: Registered nosave memory: [mem 0xfee00000-0xfee00fff]
[    0.103769] PM: Registered nosave memory: [mem 0xfee01000-0xfeffffff]
[    0.103769] PM: Registered nosave memory: [mem 0xff000000-0xffffffff]
[    0.103771] [mem 0xdfa00000-0xf7ffffff] available for PCI devices
[    0.103772] Booting paravirtualized kernel on bare hardware
[    0.103774] clocksource: refined-jiffies: mask: 0xffffffff max_cycles: 0xffffffff, max_idle_ns: 1910969940391419 ns
[    0.203538] random: get_random_bytes called from start_kernel+0x95/0x517 with crng_init=0
[    0.203544] setup_percpu: NR_CPUS:64 nr_cpumask_bits:64 nr_cpu_ids:8 nr_node_ids:1
[    0.203721] percpu: Embedded 45 pages/cpu @(____ptrval____) s147456 r8192 d28672 u262144
[    0.203727] pcpu-alloc: s147456 r8192 d28672 u262144 alloc=1*2097152
[    0.203727] pcpu-alloc: [0] 0 1 2 3 4 5 6 7 
[    0.203742] Built 1 zonelists, mobility grouping on.  Total pages: 2035497
[    0.203743] Policy zone: Normal
[    0.203744] Kernel command line: BOOT_IMAGE=/vmlinuz-4.20.0sw.kim+ root=/dev/mapper/fedora-root ro resume=/dev/mapper/fedora-swap rd.lvm.lv=fedora/root rd.lvm.lv=fedora/swap rhgb quiet LANG=en_US.UTF-8
[    0.224357] Memory: 7944660K/8271320K available (12293K kernel code, 1406K rwdata, 4044K rodata, 2164K init, 4892K bss, 326660K reserved, 0K cma-reserved)
[    0.224450] SLUB: HWalign=64, Order=0-3, MinObjects=0, CPUs=8, Nodes=1
[    0.224454] Kernel/User page tables isolation: enabled
[    0.224467] ftrace: allocating 38438 entries in 151 pages
[    0.236103] rcu: Hierarchical RCU implementation.
[    0.236104] rcu: 	RCU restricting CPUs from NR_CPUS=64 to nr_cpu_ids=8.
[    0.236105] 	Tasks RCU enabled.
[    0.236105] rcu: RCU calculated value of scheduler-enlistment delay is 100 jiffies.
[    0.236106] rcu: Adjusting geometry for rcu_fanout_leaf=16, nr_cpu_ids=8
[    0.238086] NR_IRQS: 4352, nr_irqs: 488, preallocated irqs: 16
[    0.238234] rcu: 	Offload RCU callbacks from CPUs: (none).
[    0.239861] Console: colour VGA+ 80x25
[    0.239864] printk: console [tty0] enabled
[    0.239876] ACPI: Core revision 20181003
[    0.240006] clocksource: hpet: mask: 0xffffffff max_cycles: 0xffffffff, max_idle_ns: 133484882848 ns
[    0.240014] hpet clockevent registered
[    0.240018] APIC: Switch to symmetric I/O mode setup
[    0.240399] ..TIMER: vector=0x30 apic1=0 pin1=2 apic2=-1 pin2=-1
[    0.245017] clocksource: tsc-early: mask: 0xffffffffffffffff max_cycles: 0x32807070665, max_idle_ns: 440795341893 ns
[    0.245027] Calibrating delay loop (skipped), value calculated using timer frequency.. 7007.11 BogoMIPS (lpj=3503556)
[    0.245028] pid_max: default: 32768 minimum: 301
[    0.245047] LSM: Security Framework initializing
[    0.245048] Yama: becoming mindful.
[    0.245051] SELinux:  Initializing.
[    0.246005] Dentry cache hash table entries: 1048576 (order: 11, 8388608 bytes)
[    0.246485] Inode-cache hash table entries: 524288 (order: 10, 4194304 bytes)
[    0.246508] Mount-cache hash table entries: 16384 (order: 5, 131072 bytes)
[    0.246524] Mountpoint-cache hash table entries: 16384 (order: 5, 131072 bytes)
[    0.246683] ENERGY_PERF_BIAS: Set to 'normal', was 'performance'
[    0.246683] ENERGY_PERF_BIAS: View and update with x86_energy_perf_policy(8)
[    0.246686] mce: CPU supports 9 MCE banks
[    0.246692] CPU0: Thermal monitoring enabled (TM1)
[    0.246699] process: using mwait in idle threads
[    0.246701] Last level iTLB entries: 4KB 512, 2MB 8, 4MB 8
[    0.246701] Last level dTLB entries: 4KB 512, 2MB 32, 4MB 32, 1GB 0
[    0.246703] Spectre V2 : Mitigation: Full generic retpoline
[    0.246703] Spectre V2 : Spectre v2 / SpectreRSB mitigation: Filling RSB on context switch
[    0.246703] Spectre V2 : Spectre v2 mitigation: Enabling Indirect Branch Prediction Barrier
[    0.246704] Spectre V2 : Enabling Restricted Speculation for firmware calls
[    0.246704] Spectre V2 : Spectre v2 cross-process SMT mitigation: Enabling STIBP
[    0.246705] Speculative Store Bypass: Mitigation: Speculative Store Bypass disabled via prctl and seccomp
[    0.246843] Freeing SMP alternatives memory: 40K
[    0.248073] TSC deadline timer enabled
[    0.248075] smpboot: CPU0: Intel(R) Core(TM) i7-3770K CPU @ 3.50GHz (family: 0x6, model: 0x3a, stepping: 0x9)
[    0.248146] Performance Events: PEBS fmt1+, IvyBridge events, 16-deep LBR, full-width counters, Intel PMU driver.
[    0.248161] ... version:                3
[    0.248162] ... bit width:              48
[    0.248162] ... generic registers:      4
[    0.248163] ... value mask:             0000ffffffffffff
[    0.248163] ... max period:             00007fffffffffff
[    0.248163] ... fixed-purpose events:   3
[    0.248164] ... event mask:             000000070000000f
[    0.248191] rcu: Hierarchical SRCU implementation.
[    0.248575] random: crng done (trusting CPU's manufacturer)
[    0.248863] NMI watchdog: Enabled. Permanently consumes one hw-PMU counter.
[    0.248914] smp: Bringing up secondary CPUs ...
[    0.248970] x86: Booting SMP configuration:
[    0.248971] .... node  #0, CPUs:      #1 #2 #3 #4 #5 #6 #7
[    0.256059] smp: Brought up 1 node, 8 CPUs
[    0.256059] smpboot: Max logical packages: 1
[    0.256059] smpboot: Total of 8 processors activated (56056.89 BogoMIPS)
[    0.257249] devtmpfs: initialized
[    0.257249] x86/mm: Memory block size: 128MB
[    0.257444] PM: Registering ACPI NVS region [mem 0xd97bc000-0xd98eafff] (1241088 bytes)
[    0.257444] PM: Registering ACPI NVS region [mem 0xda2de000-0xda320fff] (274432 bytes)
[    0.257444] clocksource: jiffies: mask: 0xffffffff max_cycles: 0xffffffff, max_idle_ns: 1911260446275000 ns
[    0.257444] futex hash table entries: 2048 (order: 5, 131072 bytes)
[    0.257444] pinctrl core: initialized pinctrl subsystem
[    0.257444] RTC time: 20:07:28, date: 12/26/18
[    0.258110] NET: Registered protocol family 16
[    0.258183] audit: initializing netlink subsys (disabled)
[    0.258187] audit: type=2000 audit(1545854848.018:1): state=initialized audit_enabled=0 res=1
[    0.258187] cpuidle: using governor menu
[    0.258187] ACPI: bus type PCI registered
[    0.258187] acpiphp: ACPI Hot Plug PCI Controller Driver version: 0.5
[    0.258187] PCI: MMCONFIG for domain 0000 [bus 00-3f] at [mem 0xf8000000-0xfbffffff] (base 0xf8000000)
[    0.258187] PCI: MMCONFIG at [mem 0xf8000000-0xfbffffff] reserved in E820
[    0.258187] pmd_set_huge: Cannot satisfy [mem 0xf8000000-0xf8200000] with a huge-page mapping due to MTRR override.
[    0.258248] PCI: Using configuration type 1 for base access
[    0.258285] core: PMU erratum BJ122, BV98, HSD29 worked around, HT is on
[    0.259451] HugeTLB registered 2.00 MiB page size, pre-allocated 0 pages
[    0.259451] cryptd: max_cpu_qlen set to 1000
[    0.259451] ACPI: Added _OSI(Module Device)
[    0.259451] ACPI: Added _OSI(Processor Device)
[    0.259451] ACPI: Added _OSI(3.0 _SCP Extensions)
[    0.259451] ACPI: Added _OSI(Processor Aggregator Device)
[    0.259451] ACPI: Added _OSI(Linux-Dell-Video)
[    0.259451] ACPI: Added _OSI(Linux-Lenovo-NV-HDMI-Audio)
[    0.263398] ACPI: 4 ACPI AML tables successfully acquired and loaded
[    0.264521] ACPI: Dynamic OEM Table Load:
[    0.264525] ACPI: SSDT 0xFFFF9A0ED592F000 00083B (v01 PmRef  Cpu0Cst  00003001 INTL 20051117)
[    0.264786] ACPI: Dynamic OEM Table Load:
[    0.264788] ACPI: SSDT 0xFFFF9A0ED5BC9400 000303 (v01 PmRef  ApIst    00003000 INTL 20051117)
[    0.264959] ACPI: Dynamic OEM Table Load:
[    0.264961] ACPI: SSDT 0xFFFF9A0ED541F600 000119 (v01 PmRef  ApCst    00003000 INTL 20051117)
[    0.266075] ACPI: Interpreter enabled
[    0.266090] ACPI: (supports S0 S3 S4 S5)
[    0.266091] ACPI: Using IOAPIC for interrupt routing
[    0.266108] PCI: Using host bridge windows from ACPI; if necessary, use "pci=nocrs" and report a bug
[    0.266313] ACPI: Enabled 15 GPEs in block 00 to 3F
[    0.270888] ACPI: Power Resource [FN00] (off)
[    0.270939] ACPI: Power Resource [FN01] (off)
[    0.270989] ACPI: Power Resource [FN02] (off)
[    0.271042] ACPI: Power Resource [FN03] (off)
[    0.271093] ACPI: Power Resource [FN04] (off)
[    0.271438] ACPI: PCI Root Bridge [PCI0] (domain 0000 [bus 00-3e])
[    0.271442] acpi PNP0A08:00: _OSC: OS supports [ExtendedConfig ASPM ClockPM Segments MSI]
[    0.271588] acpi PNP0A08:00: _OSC: platform does not support [PCIeHotplug SHPCHotplug PME]
[    0.271676] acpi PNP0A08:00: _OSC: OS now controls [AER PCIeCapability LTR]
[    0.271971] PCI host bridge to bus 0000:00
[    0.271973] pci_bus 0000:00: root bus resource [io  0x0000-0x0cf7 window]
[    0.271974] pci_bus 0000:00: root bus resource [io  0x0d00-0xffff window]
[    0.271975] pci_bus 0000:00: root bus resource [mem 0x000a0000-0x000bffff window]
[    0.271976] pci_bus 0000:00: root bus resource [mem 0x000d0000-0x000d3fff window]
[    0.271977] pci_bus 0000:00: root bus resource [mem 0x000d4000-0x000d7fff window]
[    0.271978] pci_bus 0000:00: root bus resource [mem 0x000d8000-0x000dbfff window]
[    0.271979] pci_bus 0000:00: root bus resource [mem 0x000dc000-0x000dffff window]
[    0.271980] pci_bus 0000:00: root bus resource [mem 0x000e0000-0x000e3fff window]
[    0.271980] pci_bus 0000:00: root bus resource [mem 0x000e4000-0x000e7fff window]
[    0.271981] pci_bus 0000:00: root bus resource [mem 0xdfa00000-0xfeafffff window]
[    0.271983] pci_bus 0000:00: root bus resource [bus 00-3e]
[    0.271988] pci 0000:00:00.0: [8086:0150] type 00 class 0x060000
[    0.272057] pci 0000:00:02.0: [8086:0162] type 00 class 0x030000
[    0.272066] pci 0000:00:02.0: reg 0x10: [mem 0xf7800000-0xf7bfffff 64bit]
[    0.272070] pci 0000:00:02.0: reg 0x18: [mem 0xe0000000-0xefffffff 64bit pref]
[    0.272074] pci 0000:00:02.0: reg 0x20: [io  0xf000-0xf03f]
[    0.272154] pci 0000:00:14.0: [8086:1e31] type 00 class 0x0c0330
[    0.272175] pci 0000:00:14.0: reg 0x10: [mem 0xf7e00000-0xf7e0ffff 64bit]
[    0.272239] pci 0000:00:14.0: PME# supported from D3hot D3cold
[    0.272300] pci 0000:00:16.0: [8086:1e3a] type 00 class 0x078000
[    0.272322] pci 0000:00:16.0: reg 0x10: [mem 0xf7e19000-0xf7e1900f 64bit]
[    0.272389] pci 0000:00:16.0: PME# supported from D0 D3hot D3cold
[    0.272454] pci 0000:00:1a.0: [8086:1e2d] type 00 class 0x0c0320
[    0.272473] pci 0000:00:1a.0: reg 0x10: [mem 0xf7e17000-0xf7e173ff]
[    0.272550] pci 0000:00:1a.0: PME# supported from D0 D3hot D3cold
[    0.272613] pci 0000:00:1b.0: [8086:1e20] type 00 class 0x040300
[    0.272632] pci 0000:00:1b.0: reg 0x10: [mem 0xf7e10000-0xf7e13fff 64bit]
[    0.272699] pci 0000:00:1b.0: PME# supported from D0 D3hot D3cold
[    0.272761] pci 0000:00:1c.0: [8086:1e10] type 01 class 0x060400
[    0.272840] pci 0000:00:1c.0: PME# supported from D0 D3hot D3cold
[    0.272912] pci 0000:00:1c.5: [8086:244e] type 01 class 0x060401
[    0.272990] pci 0000:00:1c.5: PME# supported from D0 D3hot D3cold
[    0.273059] pci 0000:00:1c.6: [8086:1e1c] type 01 class 0x060400
[    0.273139] pci 0000:00:1c.6: PME# supported from D0 D3hot D3cold
[    0.273206] pci 0000:00:1c.7: [8086:1e1e] type 01 class 0x060400
[    0.273285] pci 0000:00:1c.7: PME# supported from D0 D3hot D3cold
[    0.273353] pci 0000:00:1d.0: [8086:1e26] type 00 class 0x0c0320
[    0.273372] pci 0000:00:1d.0: reg 0x10: [mem 0xf7e16000-0xf7e163ff]
[    0.273449] pci 0000:00:1d.0: PME# supported from D0 D3hot D3cold
[    0.273512] pci 0000:00:1f.0: [8086:1e44] type 00 class 0x060100
[    0.273663] pci 0000:00:1f.2: [8086:1e00] type 00 class 0x01018f
[    0.273677] pci 0000:00:1f.2: reg 0x10: [io  0xf110-0xf117]
[    0.273683] pci 0000:00:1f.2: reg 0x14: [io  0xf100-0xf103]
[    0.273689] pci 0000:00:1f.2: reg 0x18: [io  0xf0f0-0xf0f7]
[    0.273695] pci 0000:00:1f.2: reg 0x1c: [io  0xf0e0-0xf0e3]
[    0.273701] pci 0000:00:1f.2: reg 0x20: [io  0xf0d0-0xf0df]
[    0.273708] pci 0000:00:1f.2: reg 0x24: [io  0xf0c0-0xf0cf]
[    0.273783] pci 0000:00:1f.3: [8086:1e22] type 00 class 0x0c0500
[    0.273799] pci 0000:00:1f.3: reg 0x10: [mem 0xf7e15000-0xf7e150ff 64bit]
[    0.273817] pci 0000:00:1f.3: reg 0x20: [io  0xf040-0xf05f]
[    0.273883] pci 0000:00:1f.5: [8086:1e08] type 00 class 0x010185
[    0.273897] pci 0000:00:1f.5: reg 0x10: [io  0xf0b0-0xf0b7]
[    0.273903] pci 0000:00:1f.5: reg 0x14: [io  0xf0a0-0xf0a3]
[    0.273909] pci 0000:00:1f.5: reg 0x18: [io  0xf090-0xf097]
[    0.273915] pci 0000:00:1f.5: reg 0x1c: [io  0xf080-0xf083]
[    0.273922] pci 0000:00:1f.5: reg 0x20: [io  0xf070-0xf07f]
[    0.273928] pci 0000:00:1f.5: reg 0x24: [io  0xf060-0xf06f]
[    0.274038] pci 0000:00:1c.0: PCI bridge to [bus 01]
[    0.274100] pci 0000:02:00.0: [8086:244e] type 01 class 0x060401
[    0.274259] pci 0000:02:00.0: supports D1 D2
[    0.274260] pci 0000:02:00.0: PME# supported from D0 D1 D2 D3hot D3cold
[    0.274310] pci 0000:00:1c.5: PCI bridge to [bus 02-03] (subtractive decode)
[    0.274319] pci 0000:00:1c.5:   bridge window [io  0x0000-0x0cf7 window] (subtractive decode)
[    0.274320] pci 0000:00:1c.5:   bridge window [io  0x0d00-0xffff window] (subtractive decode)
[    0.274321] pci 0000:00:1c.5:   bridge window [mem 0x000a0000-0x000bffff window] (subtractive decode)
[    0.274322] pci 0000:00:1c.5:   bridge window [mem 0x000d0000-0x000d3fff window] (subtractive decode)
[    0.274323] pci 0000:00:1c.5:   bridge window [mem 0x000d4000-0x000d7fff window] (subtractive decode)
[    0.274323] pci 0000:00:1c.5:   bridge window [mem 0x000d8000-0x000dbfff window] (subtractive decode)
[    0.274324] pci 0000:00:1c.5:   bridge window [mem 0x000dc000-0x000dffff window] (subtractive decode)
[    0.274325] pci 0000:00:1c.5:   bridge window [mem 0x000e0000-0x000e3fff window] (subtractive decode)
[    0.274326] pci 0000:00:1c.5:   bridge window [mem 0x000e4000-0x000e7fff window] (subtractive decode)
[    0.274327] pci 0000:00:1c.5:   bridge window [mem 0xdfa00000-0xfeafffff window] (subtractive decode)
[    0.274372] pci_bus 0000:03: extended config space not accessible
[    0.274457] pci 0000:02:00.0: PCI bridge to [bus 03] (subtractive decode)
[    0.274481] pci 0000:02:00.0:   bridge window [io  0x0000-0x0cf7 window] (subtractive decode)
[    0.274482] pci 0000:02:00.0:   bridge window [io  0x0d00-0xffff window] (subtractive decode)
[    0.274483] pci 0000:02:00.0:   bridge window [mem 0x000a0000-0x000bffff window] (subtractive decode)
[    0.274484] pci 0000:02:00.0:   bridge window [mem 0x000d0000-0x000d3fff window] (subtractive decode)
[    0.274485] pci 0000:02:00.0:   bridge window [mem 0x000d4000-0x000d7fff window] (subtractive decode)
[    0.274485] pci 0000:02:00.0:   bridge window [mem 0x000d8000-0x000dbfff window] (subtractive decode)
[    0.274486] pci 0000:02:00.0:   bridge window [mem 0x000dc000-0x000dffff window] (subtractive decode)
[    0.274487] pci 0000:02:00.0:   bridge window [mem 0x000e0000-0x000e3fff window] (subtractive decode)
[    0.274488] pci 0000:02:00.0:   bridge window [mem 0x000e4000-0x000e7fff window] (subtractive decode)
[    0.274489] pci 0000:02:00.0:   bridge window [mem 0xdfa00000-0xfeafffff window] (subtractive decode)
[    0.274555] pci 0000:04:00.0: [1969:1091] type 00 class 0x020000
[    0.274594] pci 0000:04:00.0: reg 0x10: [mem 0xf7d00000-0xf7d3ffff 64bit]
[    0.274607] pci 0000:04:00.0: reg 0x18: [io  0xe000-0xe07f]
[    0.274748] pci 0000:04:00.0: PME# supported from D0 D1 D2 D3hot D3cold
[    0.274790] pci 0000:04:00.0: 2.000 Gb/s available PCIe bandwidth, limited by 2.5 GT/s x1 link at 0000:00:1c.6 (capable of 7.876 Gb/s with 8 GT/s x1 link)
[    0.274839] pci 0000:00:1c.6: PCI bridge to [bus 04]
[    0.274842] pci 0000:00:1c.6:   bridge window [io  0xe000-0xefff]
[    0.274845] pci 0000:00:1c.6:   bridge window [mem 0xf7d00000-0xf7dfffff]
[    0.274903] pci 0000:05:00.0: [1b6f:7023] type 00 class 0x0c0330
[    0.274940] pci 0000:05:00.0: reg 0x10: [mem 0xf7c00000-0xf7c07fff 64bit]
[    0.275008] pci 0000:05:00.0: enabling Extended Tags
[    0.275086] pci 0000:05:00.0: supports D1 D2
[    0.275087] pci 0000:05:00.0: PME# supported from D0 D1 D2 D3hot D3cold
[    0.275128] pci 0000:05:00.0: 4.000 Gb/s available PCIe bandwidth, limited by 5 GT/s x1 link at 0000:00:1c.7 (capable of 7.876 Gb/s with 8 GT/s x1 link)
[    0.275164] pci 0000:00:1c.7: PCI bridge to [bus 05]
[    0.275169] pci 0000:00:1c.7:   bridge window [mem 0xf7c00000-0xf7cfffff]
[    0.275529] ACPI: PCI Interrupt Link [LNKA] (IRQs 3 4 5 6 10 *11 12 14 15)
[    0.275563] ACPI: PCI Interrupt Link [LNKB] (IRQs *3 4 5 6 10 11 12 14 15)
[    0.275596] ACPI: PCI Interrupt Link [LNKC] (IRQs 3 4 5 6 10 *11 12 14 15)
[    0.275629] ACPI: PCI Interrupt Link [LNKD] (IRQs 3 4 5 6 *10 11 12 14 15)
[    0.275661] ACPI: PCI Interrupt Link [LNKE] (IRQs 3 4 5 6 10 11 12 14 15) *0, disabled.
[    0.275693] ACPI: PCI Interrupt Link [LNKF] (IRQs 3 4 5 6 10 11 12 14 15) *0, disabled.
[    0.275726] ACPI: PCI Interrupt Link [LNKG] (IRQs 3 4 *5 6 10 11 12 14 15)
[    0.275759] ACPI: PCI Interrupt Link [LNKH] (IRQs 3 4 5 6 *10 11 12 14 15)
[    0.275958] pci 0000:00:02.0: vgaarb: setting as boot VGA device
[    0.275958] pci 0000:00:02.0: vgaarb: VGA device added: decodes=io+mem,owns=io+mem,locks=none
[    0.275958] pci 0000:00:02.0: vgaarb: bridge control possible
[    0.275958] vgaarb: loaded
[    0.276063] SCSI subsystem initialized
[    0.276072] libata version 3.00 loaded.
[    0.276072] ACPI: bus type USB registered
[    0.276072] usbcore: registered new interface driver usbfs
[    0.276072] usbcore: registered new interface driver hub
[    0.276072] usbcore: registered new device driver usb
[    0.276077] pps_core: LinuxPPS API ver. 1 registered
[    0.276077] pps_core: Software ver. 5.3.6 - Copyright 2005-2007 Rodolfo Giometti <giometti@linux.it>
[    0.276079] PTP clock support registered
[    0.276090] EDAC MC: Ver: 3.0.0
[    0.276090] PCI: Using ACPI for IRQ routing
[    0.277650] PCI: pci_cache_line_size set to 64 bytes
[    0.277694] e820: reserve RAM buffer [mem 0x0009ec00-0x0009ffff]
[    0.277695] e820: reserve RAM buffer [mem 0x40004000-0x43ffffff]
[    0.277695] e820: reserve RAM buffer [mem 0xd904a000-0xdbffffff]
[    0.277697] e820: reserve RAM buffer [mem 0xda2de000-0xdbffffff]
[    0.277697] e820: reserve RAM buffer [mem 0xdac89000-0xdbffffff]
[    0.277698] e820: reserve RAM buffer [mem 0xdb000000-0xdbffffff]
[    0.277699] e820: reserve RAM buffer [mem 0x21f600000-0x21fffffff]
[    0.277761] NetLabel: Initializing
[    0.277762] NetLabel:  domain hash size = 128
[    0.277762] NetLabel:  protocols = UNLABELED CIPSOv4 CALIPSO
[    0.277771] NetLabel:  unlabeled traffic allowed by default
[    0.277774] hpet0: at MMIO 0xfed00000, IRQs 2, 8, 0, 0, 0, 0, 0, 0
[    0.277774] hpet0: 8 comparators, 64-bit 14.318180 MHz counter
[    0.279031] clocksource: Switched to clocksource tsc-early
[    0.288804] VFS: Disk quotas dquot_6.6.0
[    0.288817] VFS: Dquot-cache hash table entries: 512 (order 0, 4096 bytes)
[    0.288853] pnp: PnP ACPI init
[    0.288909] system 00:00: [mem 0xfed40000-0xfed44fff] has been reserved
[    0.288912] system 00:00: Plug and Play ACPI device, IDs PNP0c01 (active)
[    0.288967] system 00:01: [io  0x0680-0x069f] has been reserved
[    0.288968] system 00:01: [io  0x0200-0x020f] has been reserved
[    0.288969] system 00:01: [io  0xffff] has been reserved
[    0.288970] system 00:01: [io  0xffff] has been reserved
[    0.288971] system 00:01: [io  0x0400-0x0453] has been reserved
[    0.288972] system 00:01: [io  0x0458-0x047f] has been reserved
[    0.288973] system 00:01: [io  0x0500-0x057f] has been reserved
[    0.288976] system 00:01: Plug and Play ACPI device, IDs PNP0c02 (active)
[    0.288989] pnp 00:02: Plug and Play ACPI device, IDs PNP0b00 (active)
[    0.289026] system 00:03: [io  0x0454-0x0457] has been reserved
[    0.289028] system 00:03: Plug and Play ACPI device, IDs INT3f0d PNP0c02 (active)
[    0.289113] system 00:04: [io  0x0a00-0x0a0f] has been reserved
[    0.289114] system 00:04: [io  0x0a30-0x0a3f] has been reserved
[    0.289115] system 00:04: [io  0x0a20-0x0a2f] has been reserved
[    0.289118] system 00:04: Plug and Play ACPI device, IDs PNP0c02 (active)
[    0.289286] pnp 00:05: [dma 0 disabled]
[    0.289320] pnp 00:05: Plug and Play ACPI device, IDs PNP0501 (active)
[    0.289353] system 00:06: [io  0x04d0-0x04d1] has been reserved
[    0.289355] system 00:06: Plug and Play ACPI device, IDs PNP0c02 (active)
[    0.289493] system 00:07: [mem 0xfed1c000-0xfed1ffff] has been reserved
[    0.289494] system 00:07: [mem 0xfed10000-0xfed17fff] has been reserved
[    0.289495] system 00:07: [mem 0xfed18000-0xfed18fff] has been reserved
[    0.289496] system 00:07: [mem 0xfed19000-0xfed19fff] has been reserved
[    0.289497] system 00:07: [mem 0xf8000000-0xfbffffff] has been reserved
[    0.289499] system 00:07: [mem 0xfed20000-0xfed3ffff] has been reserved
[    0.289500] system 00:07: [mem 0xfed90000-0xfed93fff] has been reserved
[    0.289501] system 00:07: [mem 0xfed45000-0xfed8ffff] has been reserved
[    0.289502] system 00:07: [mem 0xff000000-0xffffffff] has been reserved
[    0.289503] system 00:07: [mem 0xfee00000-0xfeefffff] could not be reserved
[    0.289504] system 00:07: [mem 0xdfa00000-0xdfa00fff] has been reserved
[    0.289507] system 00:07: Plug and Play ACPI device, IDs PNP0c02 (active)
[    0.289608] system 00:08: [mem 0x20000000-0x201fffff] has been reserved
[    0.289609] system 00:08: [mem 0x40004000-0x40004fff] has been reserved
[    0.289611] system 00:08: Plug and Play ACPI device, IDs PNP0c01 (active)
[    0.289623] pnp: PnP ACPI: found 9 devices
[    0.294943] clocksource: acpi_pm: mask: 0xffffff max_cycles: 0xffffff, max_idle_ns: 2085701024 ns
[    0.294998] pci 0000:00:1c.0: PCI bridge to [bus 01]
[    0.295008] pci 0000:02:00.0: PCI bridge to [bus 03]
[    0.295032] pci 0000:00:1c.5: PCI bridge to [bus 02-03]
[    0.295041] pci 0000:00:1c.6: PCI bridge to [bus 04]
[    0.295043] pci 0000:00:1c.6:   bridge window [io  0xe000-0xefff]
[    0.295047] pci 0000:00:1c.6:   bridge window [mem 0xf7d00000-0xf7dfffff]
[    0.295054] pci 0000:00:1c.7: PCI bridge to [bus 05]
[    0.295057] pci 0000:00:1c.7:   bridge window [mem 0xf7c00000-0xf7cfffff]
[    0.295065] pci_bus 0000:00: resource 4 [io  0x0000-0x0cf7 window]
[    0.295066] pci_bus 0000:00: resource 5 [io  0x0d00-0xffff window]
[    0.295067] pci_bus 0000:00: resource 6 [mem 0x000a0000-0x000bffff window]
[    0.295068] pci_bus 0000:00: resource 7 [mem 0x000d0000-0x000d3fff window]
[    0.295069] pci_bus 0000:00: resource 8 [mem 0x000d4000-0x000d7fff window]
[    0.295069] pci_bus 0000:00: resource 9 [mem 0x000d8000-0x000dbfff window]
[    0.295070] pci_bus 0000:00: resource 10 [mem 0x000dc000-0x000dffff window]
[    0.295071] pci_bus 0000:00: resource 11 [mem 0x000e0000-0x000e3fff window]
[    0.295072] pci_bus 0000:00: resource 12 [mem 0x000e4000-0x000e7fff window]
[    0.295073] pci_bus 0000:00: resource 13 [mem 0xdfa00000-0xfeafffff window]
[    0.295074] pci_bus 0000:02: resource 4 [io  0x0000-0x0cf7 window]
[    0.295075] pci_bus 0000:02: resource 5 [io  0x0d00-0xffff window]
[    0.295076] pci_bus 0000:02: resource 6 [mem 0x000a0000-0x000bffff window]
[    0.295077] pci_bus 0000:02: resource 7 [mem 0x000d0000-0x000d3fff window]
[    0.295078] pci_bus 0000:02: resource 8 [mem 0x000d4000-0x000d7fff window]
[    0.295079] pci_bus 0000:02: resource 9 [mem 0x000d8000-0x000dbfff window]
[    0.295080] pci_bus 0000:02: resource 10 [mem 0x000dc000-0x000dffff window]
[    0.295081] pci_bus 0000:02: resource 11 [mem 0x000e0000-0x000e3fff window]
[    0.295082] pci_bus 0000:02: resource 12 [mem 0x000e4000-0x000e7fff window]
[    0.295083] pci_bus 0000:02: resource 13 [mem 0xdfa00000-0xfeafffff window]
[    0.295084] pci_bus 0000:03: resource 4 [io  0x0000-0x0cf7 window]
[    0.295085] pci_bus 0000:03: resource 5 [io  0x0d00-0xffff window]
[    0.295086] pci_bus 0000:03: resource 6 [mem 0x000a0000-0x000bffff window]
[    0.295087] pci_bus 0000:03: resource 7 [mem 0x000d0000-0x000d3fff window]
[    0.295088] pci_bus 0000:03: resource 8 [mem 0x000d4000-0x000d7fff window]
[    0.295089] pci_bus 0000:03: resource 9 [mem 0x000d8000-0x000dbfff window]
[    0.295089] pci_bus 0000:03: resource 10 [mem 0x000dc000-0x000dffff window]
[    0.295090] pci_bus 0000:03: resource 11 [mem 0x000e0000-0x000e3fff window]
[    0.295091] pci_bus 0000:03: resource 12 [mem 0x000e4000-0x000e7fff window]
[    0.295092] pci_bus 0000:03: resource 13 [mem 0xdfa00000-0xfeafffff window]
[    0.295093] pci_bus 0000:04: resource 0 [io  0xe000-0xefff]
[    0.295094] pci_bus 0000:04: resource 1 [mem 0xf7d00000-0xf7dfffff]
[    0.295095] pci_bus 0000:05: resource 1 [mem 0xf7c00000-0xf7cfffff]
[    0.295158] NET: Registered protocol family 2
[    0.295259] tcp_listen_portaddr_hash hash table entries: 4096 (order: 4, 65536 bytes)
[    0.295279] TCP established hash table entries: 65536 (order: 7, 524288 bytes)
[    0.295364] TCP bind hash table entries: 65536 (order: 8, 1048576 bytes)
[    0.295460] TCP: Hash tables configured (established 65536 bind 65536)
[    0.295484] UDP hash table entries: 4096 (order: 5, 131072 bytes)
[    0.295502] UDP-Lite hash table entries: 4096 (order: 5, 131072 bytes)
[    0.295558] NET: Registered protocol family 1
[    0.295562] NET: Registered protocol family 44
[    0.295567] pci 0000:00:02.0: Video device with shadowed ROM at [mem 0x000c0000-0x000dffff]
[    0.312112] pci 0000:00:1a.0: quirk_usb_early_handoff+0x0/0x6a7 took 16021 usecs
[    0.328107] pci 0000:00:1d.0: quirk_usb_early_handoff+0x0/0x6a7 took 15607 usecs
[    0.328119] PCI: CLS mismatch (64 != 32), using 64 bytes
[    0.328121] pci 0000:04:00.0: set MSI_INTX_DISABLE_BUG flag
[    0.328257] Unpacking initramfs...
[    1.480063] Freeing initrd memory: 96912K
[    1.480066] PCI-DMA: Using software bounce buffering for IO (SWIOTLB)
[    1.480067] software IO TLB: mapped [mem 0xd504a000-0xd904a000] (64MB)
[    1.481839] Initialise system trusted keyrings
[    1.481849] Key type blacklist registered
[    1.481874] workingset: timestamp_bits=36 max_order=21 bucket_order=0
[    1.482766] zbud: loaded
[    1.615415] alg: No test for 842 (842-generic)
[    1.616024] alg: No test for 842 (842-scomp)
[    1.636147] NET: Registered protocol family 38
[    1.636149] Key type asymmetric registered
[    1.636149] Asymmetric key parser 'x509' registered
[    1.636157] Block layer SCSI generic (bsg) driver version 0.4 loaded (major 244)
[    1.636183] io scheduler noop registered
[    1.636184] io scheduler deadline registered
[    1.636205] io scheduler cfq registered (default)
[    1.636206] io scheduler mq-deadline registered
[    1.636257] atomic64_test: passed for x86-64 platform with CX8 and with SSE
[    1.636600] shpchp: Standard Hot Plug PCI Controller Driver version: 0.4
[    1.636613] intel_idle: MWAIT substates: 0x1120
[    1.636614] intel_idle: v0.4.1 model 0x3A
[    1.636780] intel_idle: lapic_timer_reliable_states 0xffffffff
[    1.636867] input: Power Button as /devices/LNXSYSTM:00/LNXSYBUS:00/PNP0C0C:00/input/input0
[    1.636900] ACPI: Power Button [PWRB]
[    1.636937] input: Power Button as /devices/LNXSYSTM:00/LNXPWRBN:00/input/input1
[    1.636998] ACPI: Power Button [PWRF]
[    1.637731] thermal LNXTHERM:00: registered as thermal_zone0
[    1.637732] ACPI: Thermal Zone [TZ00] (28 C)
[    1.637884] thermal LNXTHERM:01: registered as thermal_zone1
[    1.637885] ACPI: Thermal Zone [TZ01] (30 C)
[    1.637979] Serial: 8250/16550 driver, 32 ports, IRQ sharing enabled
[    1.658545] 00:05: ttyS0 at I/O 0x3f8 (irq = 4, base_baud = 115200) is a 16550A
[    1.659615] Non-volatile memory driver v1.3
[    1.659633] Linux agpgart interface v0.103
[    1.660119] ata_piix 0000:00:1f.2: version 2.13
[    1.660174] ata_piix 0000:00:1f.2: MAP [ P0 P2 P1 P3 ]
[    1.816457] scsi host0: ata_piix
[    1.816638] scsi host1: ata_piix
[    1.816658] ata1: SATA max UDMA/133 cmd 0xf110 ctl 0xf100 bmdma 0xf0d0 irq 19
[    1.816661] ata2: SATA max UDMA/133 cmd 0xf0f0 ctl 0xf0e0 bmdma 0xf0d8 irq 19
[    1.816726] ata_piix 0000:00:1f.5: MAP [ P0 -- P1 -- ]
[    1.968350] scsi host2: ata_piix
[    1.968688] scsi host3: ata_piix
[    1.968715] ata3: SATA max UDMA/133 cmd 0xf0b0 ctl 0xf0a0 bmdma 0xf070 irq 19
[    1.968718] ata4: SATA max UDMA/133 cmd 0xf090 ctl 0xf080 bmdma 0xf078 irq 19
[    1.968755] libphy: Fixed MDIO Bus: probed
[    1.968796] ehci_hcd: USB 2.0 'Enhanced' Host Controller (EHCI) Driver
[    1.968798] ehci-pci: EHCI PCI platform driver
[    1.968891] ehci-pci 0000:00:1a.0: EHCI Host Controller
[    1.969029] ehci-pci 0000:00:1a.0: new USB bus registered, assigned bus number 1
[    1.969040] ehci-pci 0000:00:1a.0: debug port 2
[    1.972928] ehci-pci 0000:00:1a.0: cache line size of 64 is not supported
[    1.972937] ehci-pci 0000:00:1a.0: irq 16, io mem 0xf7e17000
[    1.979060] ehci-pci 0000:00:1a.0: USB 2.0 started, EHCI 1.00
[    1.979098] usb usb1: New USB device found, idVendor=1d6b, idProduct=0002, bcdDevice= 4.20
[    1.979099] usb usb1: New USB device strings: Mfr=3, Product=2, SerialNumber=1
[    1.979100] usb usb1: Product: EHCI Host Controller
[    1.979101] usb usb1: Manufacturer: Linux 4.20.0sw.kim+ ehci_hcd
[    1.979102] usb usb1: SerialNumber: 0000:00:1a.0
[    1.979256] hub 1-0:1.0: USB hub found
[    1.979262] hub 1-0:1.0: 2 ports detected
[    1.979426] ehci-pci 0000:00:1d.0: EHCI Host Controller
[    1.979498] ehci-pci 0000:00:1d.0: new USB bus registered, assigned bus number 2
[    1.979508] ehci-pci 0000:00:1d.0: debug port 2
[    1.983394] ehci-pci 0000:00:1d.0: cache line size of 64 is not supported
[    1.983401] ehci-pci 0000:00:1d.0: irq 23, io mem 0xf7e16000
[    1.990061] ehci-pci 0000:00:1d.0: USB 2.0 started, EHCI 1.00
[    1.990089] usb usb2: New USB device found, idVendor=1d6b, idProduct=0002, bcdDevice= 4.20
[    1.990090] usb usb2: New USB device strings: Mfr=3, Product=2, SerialNumber=1
[    1.990091] usb usb2: Product: EHCI Host Controller
[    1.990092] usb usb2: Manufacturer: Linux 4.20.0sw.kim+ ehci_hcd
[    1.990093] usb usb2: SerialNumber: 0000:00:1d.0
[    1.990229] hub 2-0:1.0: USB hub found
[    1.990234] hub 2-0:1.0: 2 ports detected
[    1.990317] ohci_hcd: USB 1.1 'Open' Host Controller (OHCI) Driver
[    1.990320] ohci-pci: OHCI PCI platform driver
[    1.990325] uhci_hcd: USB Universal Host Controller Interface driver
[    1.990401] xhci_hcd 0000:00:14.0: xHCI Host Controller
[    1.990463] xhci_hcd 0000:00:14.0: new USB bus registered, assigned bus number 3
[    1.991518] xhci_hcd 0000:00:14.0: hcc params 0x20007181 hci version 0x100 quirks 0x000000000000b930
[    1.991522] xhci_hcd 0000:00:14.0: cache line size of 64 is not supported
[    1.991634] usb usb3: New USB device found, idVendor=1d6b, idProduct=0002, bcdDevice= 4.20
[    1.991635] usb usb3: New USB device strings: Mfr=3, Product=2, SerialNumber=1
[    1.991636] usb usb3: Product: xHCI Host Controller
[    1.991637] usb usb3: Manufacturer: Linux 4.20.0sw.kim+ xhci-hcd
[    1.991638] usb usb3: SerialNumber: 0000:00:14.0
[    1.991749] hub 3-0:1.0: USB hub found
[    1.991756] hub 3-0:1.0: 4 ports detected
[    1.991958] xhci_hcd 0000:00:14.0: xHCI Host Controller
[    1.991993] xhci_hcd 0000:00:14.0: new USB bus registered, assigned bus number 4
[    1.991995] xhci_hcd 0000:00:14.0: Host supports USB 3.0  SuperSpeed
[    1.992017] usb usb4: New USB device found, idVendor=1d6b, idProduct=0003, bcdDevice= 4.20
[    1.992018] usb usb4: New USB device strings: Mfr=3, Product=2, SerialNumber=1
[    1.992023] usb usb4: Product: xHCI Host Controller
[    1.992024] usb usb4: Manufacturer: Linux 4.20.0sw.kim+ xhci-hcd
[    1.992025] usb usb4: SerialNumber: 0000:00:14.0
[    1.992135] hub 4-0:1.0: USB hub found
[    1.992142] hub 4-0:1.0: 4 ports detected
[    1.992371] xhci_hcd 0000:05:00.0: xHCI Host Controller
[    1.992448] xhci_hcd 0000:05:00.0: new USB bus registered, assigned bus number 5
[    1.992520] xhci_hcd 0000:05:00.0: hcc params 0x040050af hci version 0x100 quirks 0x0000000000080490
[    1.992665] usb usb5: New USB device found, idVendor=1d6b, idProduct=0002, bcdDevice= 4.20
[    1.992666] usb usb5: New USB device strings: Mfr=3, Product=2, SerialNumber=1
[    1.992667] usb usb5: Product: xHCI Host Controller
[    1.992668] usb usb5: Manufacturer: Linux 4.20.0sw.kim+ xhci-hcd
[    1.992669] usb usb5: SerialNumber: 0000:05:00.0
[    1.992746] hub 5-0:1.0: USB hub found
[    1.992753] hub 5-0:1.0: 2 ports detected
[    1.992822] xhci_hcd 0000:05:00.0: xHCI Host Controller
[    1.992854] xhci_hcd 0000:05:00.0: new USB bus registered, assigned bus number 6
[    1.992856] xhci_hcd 0000:05:00.0: Host supports USB 3.0  SuperSpeed
[    1.992867] usb usb6: We don't know the algorithms for LPM for this host, disabling LPM.
[    1.992879] usb usb6: New USB device found, idVendor=1d6b, idProduct=0003, bcdDevice= 4.20
[    1.992880] usb usb6: New USB device strings: Mfr=3, Product=2, SerialNumber=1
[    1.992881] usb usb6: Product: xHCI Host Controller
[    1.992881] usb usb6: Manufacturer: Linux 4.20.0sw.kim+ xhci-hcd
[    1.992882] usb usb6: SerialNumber: 0000:05:00.0
[    1.992928] hub 6-0:1.0: USB hub found
[    1.992935] hub 6-0:1.0: 2 ports detected
[    1.993001] usbcore: registered new interface driver usbserial_generic
[    1.993005] usbserial: USB Serial support registered for generic
[    1.993027] i8042: PNP: No PS/2 controller found.
[    1.993076] mousedev: PS/2 mouse device common for all mice
[    1.993249] rtc_cmos 00:02: RTC can wake from S4
[    1.993386] rtc_cmos 00:02: registered as rtc0
[    1.993388] rtc_cmos 00:02: alarms up to one month, y3k, 242 bytes nvram, hpet irqs
[    1.993419] device-mapper: uevent: version 1.0.3
[    1.993470] device-mapper: ioctl: 4.39.0-ioctl (2018-04-03) initialised: dm-devel@redhat.com
[    1.993518] intel_pstate: Intel P-state driver initializing
[    1.993985] hidraw: raw HID events driver (C) Jiri Kosina
[    1.994041] usbcore: registered new interface driver usbhid
[    1.994042] usbhid: USB HID core driver
[    1.994170] drop_monitor: Initializing network drop monitor service
[    1.994357] Initializing XFRM netlink socket
[    1.994512] NET: Registered protocol family 10
[    1.999437] Segment Routing with IPv6
[    1.999466] mip6: Mobile IPv6
[    1.999469] NET: Registered protocol family 17
[    2.000197] RAS: Correctable Errors collector initialized.
[    2.000253] microcode: sig=0x306a9, pf=0x2, revision=0x20
[    2.000414] microcode: Microcode Update Driver: v2.2.
[    2.000430] AVX version of gcm_enc/dec engaged.
[    2.000431] AES CTR mode by8 optimization enabled
[    2.042359] sched_clock: Marking stable (2040586903, 1761972)->(2063454630, -21105755)
[    2.042789] registered taskstats version 1
[    2.042799] Loading compiled-in X.509 certificates
[    2.076782] Loaded X.509 cert 'Build time autogenerated kernel key: 593c742fd238532bf8a2aec69b216155e623dad6'
[    2.076799] zswap: loaded using pool lzo/zbud
[    2.082429] Key type big_key registered
[    2.086472] Key type encrypted registered
[    2.086481] ima: No TPM chip found, activating TPM-bypass!
[    2.086490] ima: Allocated hash algorithm: sha1
[    2.086890]   Magic number: 14:179:145
[    2.086900] ata_port ata2: hash matches
[    2.086901]  ata2: hash matches
[    2.086938] acpi device:16: hash matches
[    2.087007] rtc_cmos 00:02: setting system clock to 2018-12-26 20:07:30 UTC (1545854850)
[    2.298049] usb 1-1: new high-speed USB device number 2 using ehci-pci
[    2.314050] usb 3-2: new full-speed USB device number 2 using xhci_hcd
[    2.314062] usb 2-1: new high-speed USB device number 2 using ehci-pci
[    2.426503] usb 1-1: New USB device found, idVendor=8087, idProduct=0024, bcdDevice= 0.00
[    2.426506] usb 1-1: New USB device strings: Mfr=0, Product=0, SerialNumber=0
[    2.426790] hub 1-1:1.0: USB hub found
[    2.426857] hub 1-1:1.0: 6 ports detected
[    2.432088] ata3: SATA link up 1.5 Gbps (SStatus 113 SControl 330)
[    2.434519] ata3.00: ATAPI: TSSTcorp CDDVDW SH-224DB, SB00, max UDMA/100
[    2.439124] ata3.00: configured for UDMA/100
[    2.442381] usb 2-1: New USB device found, idVendor=8087, idProduct=0024, bcdDevice= 0.00
[    2.442384] usb 2-1: New USB device strings: Mfr=0, Product=0, SerialNumber=0
[    2.442429] usb 3-2: New USB device found, idVendor=046d, idProduct=c52f, bcdDevice=30.00
[    2.442431] usb 3-2: New USB device strings: Mfr=1, Product=2, SerialNumber=0
[    2.442433] usb 3-2: Product: USB Receiver
[    2.442435] usb 3-2: Manufacturer: Logitech
[    2.442661] hub 2-1:1.0: USB hub found
[    2.442740] hub 2-1:1.0: 8 ports detected
[    2.444822] input: Logitech USB Receiver as /devices/pci0000:00/0000:00:14.0/usb3/3-2/3-2:1.0/0003:046D:C52F.0001/input/input2
[    2.445073] hid-generic 0003:046D:C52F.0001: input,hidraw0: USB HID v1.11 Mouse [Logitech USB Receiver] on usb-0000:00:14.0-2/input0
[    2.446323] input: Logitech USB Receiver Consumer Control as /devices/pci0000:00/0000:00:14.0/usb3/3-2/3-2:1.1/0003:046D:C52F.0002/input/input3
[    2.498408] hid-generic 0003:046D:C52F.0002: input,hiddev96,hidraw1: USB HID v1.11 Device [Logitech USB Receiver] on usb-0000:00:14.0-2/input1
[    2.512048] tsc: Refined TSC clocksource calibration: 3503.445 MHz
[    2.512057] clocksource: tsc: mask: 0xffffffffffffffff max_cycles: 0x32800736690, max_idle_ns: 440795289710 ns
[    2.512103] clocksource: Switched to clocksource tsc
[    2.704049] usb 1-1.3: new full-speed USB device number 3 using ehci-pci
[    2.784244] usb 1-1.3: New USB device found, idVendor=258a, idProduct=1006, bcdDevice=30.12
[    2.784248] usb 1-1.3: New USB device strings: Mfr=1, Product=2, SerialNumber=0
[    2.784250] usb 1-1.3: Product: Gaming KB 
[    2.784251] usb 1-1.3: Manufacturer: Gaming KB 
[    2.785766] input: Gaming KB  Gaming KB  as /devices/pci0000:00/0000:00:1a.0/usb1/1-1/1-1.3/1-1.3:1.0/0003:258A:1006.0003/input/input6
[    2.837343] hid-generic 0003:258A:1006.0003: input,hidraw2: USB HID v1.11 Keyboard [Gaming KB  Gaming KB ] on usb-0000:00:1a.0-1.3/input0
[    2.839377] input: Gaming KB  Gaming KB  System Control as /devices/pci0000:00/0000:00:1a.0/usb1/1-1/1-1.3/1-1.3:1.1/0003:258A:1006.0004/input/input7
[    2.891232] input: Gaming KB  Gaming KB  Consumer Control as /devices/pci0000:00/0000:00:1a.0/usb1/1-1/1-1.3/1-1.3:1.1/0003:258A:1006.0004/input/input8
[    2.891388] input: Gaming KB  Gaming KB  Keyboard as /devices/pci0000:00/0000:00:1a.0/usb1/1-1/1-1.3/1-1.3:1.1/0003:258A:1006.0004/input/input9
[    2.891711] hid-generic 0003:258A:1006.0004: input,hiddev97,hidraw3: USB HID v1.11 Keyboard [Gaming KB  Gaming KB ] on usb-0000:00:1a.0-1.3/input1
[    2.967050] usb 1-1.4: new high-speed USB device number 4 using ehci-pci
[    3.008057] ata4: failed to resume link (SControl 30)
[    3.018997] ata4: SATA link down (SStatus 4 SControl 30)
[    3.046497] usb 1-1.4: New USB device found, idVendor=0bda, idProduct=8152, bcdDevice=20.00
[    3.046501] usb 1-1.4: New USB device strings: Mfr=1, Product=2, SerialNumber=3
[    3.046503] usb 1-1.4: Product: USB 10/100 LAN
[    3.046505] usb 1-1.4: Manufacturer: Realtek
[    3.046507] usb 1-1.4: SerialNumber: 00E04C3636DE
[    3.160068] ata1.01: failed to resume link (SControl 0)
[    3.168049] ata2.01: failed to resume link (SControl 0)
[    3.312135] ata1.00: SATA link up 6.0 Gbps (SStatus 133 SControl 330)
[    3.312147] ata1.01: SATA link down (SStatus 0 SControl 0)
[    3.314728] ata1.00: ATA-9: Samsung SSD 840 PRO Series, DXM04B0Q, max UDMA/133
[    3.314731] ata1.00: 1000215216 sectors, multi 16: LBA48 NCQ (depth 0/32)
[    3.317826] ata1.00: configured for UDMA/133
[    3.318115] scsi 0:0:0:0: Direct-Access     ATA      Samsung SSD 840  4B0Q PQ: 0 ANSI: 5
[    3.318491] ata1.00: Enabling discard_zeroes_data
[    3.318517] sd 0:0:0:0: Attached scsi generic sg0 type 0
[    3.318935] sd 0:0:0:0: [sda] 1000215216 512-byte logical blocks: (512 GB/477 GiB)
[    3.319000] sd 0:0:0:0: [sda] Write Protect is off
[    3.319003] sd 0:0:0:0: [sda] Mode Sense: 00 3a 00 00
[    3.319081] sd 0:0:0:0: [sda] Write cache: enabled, read cache: enabled, doesn't support DPO or FUA
[    3.319377] ata1.00: Enabling discard_zeroes_data
[    3.319929]  sda: sda1 sda2
[    3.320099] ata2.00: SATA link up 6.0 Gbps (SStatus 133 SControl 330)
[    3.320113] ata2.01: SATA link down (SStatus 0 SControl 0)
[    3.320251] ata1.00: Enabling discard_zeroes_data
[    3.320440] sd 0:0:0:0: [sda] Attached SCSI disk
[    3.322695] ata2.00: ATA-9: WDC WD10EZEX-00BN5A0, 01.01A01, max UDMA/133
[    3.322698] ata2.00: 1953525168 sectors, multi 16: LBA48 NCQ (depth 0/32)
[    3.325475] ata2.00: configured for UDMA/133
[    3.325714] scsi 1:0:0:0: Direct-Access     ATA      WDC WD10EZEX-00B 1A01 PQ: 0 ANSI: 5
[    3.326059] sd 1:0:0:0: [sdb] 1953525168 512-byte logical blocks: (1.00 TB/932 GiB)
[    3.326061] sd 1:0:0:0: [sdb] 4096-byte physical blocks
[    3.326073] sd 1:0:0:0: [sdb] Write Protect is off
[    3.326075] sd 1:0:0:0: Attached scsi generic sg1 type 0
[    3.326077] sd 1:0:0:0: [sdb] Mode Sense: 00 3a 00 00
[    3.326096] sd 1:0:0:0: [sdb] Write cache: enabled, read cache: enabled, doesn't support DPO or FUA
[    3.331236] scsi 2:0:0:0: CD-ROM            TSSTcorp CDDVDW SH-224DB  SB00 PQ: 0 ANSI: 5
[    3.340666]  sdb: sdb1
[    3.340994] sd 1:0:0:0: [sdb] Attached SCSI disk
[    3.373125] sr 2:0:0:0: [sr0] scsi3-mmc drive: 48x/48x writer dvd-ram cd/rw xa/form2 cdda tray
[    3.373126] cdrom: Uniform CD-ROM driver Revision: 3.20
[    3.373307] sr 2:0:0:0: Attached scsi CD-ROM sr0
[    3.373402] sr 2:0:0:0: Attached scsi generic sg2 type 5
[    3.375140] Freeing unused decrypted memory: 2040K
[    3.375664] Freeing unused kernel image memory: 2164K
[    3.383055] Write protecting the kernel read-only data: 18432k
[    3.383812] Freeing unused kernel image memory: 2020K
[    3.384049] Freeing unused kernel image memory: 52K
[    3.397975] x86/mm: Checked W+X mappings: passed, no W+X pages found.
[    3.397979] rodata_test: all tests were successful
[    3.397979] x86/mm: Checking user space page tables
[    3.405082] x86/mm: Checked W+X mappings: passed, no W+X pages found.
[    3.405083] Run /init as init process
[    3.412367] systemd[1]: systemd 239 running in system mode. (+PAM +AUDIT +SELINUX +IMA -APPARMOR +SMACK +SYSVINIT +UTMP +LIBCRYPTSETUP +GCRYPT +GNUTLS +ACL +XZ +LZ4 +SECCOMP +BLKID +ELFUTILS +KMOD +IDN2 -IDN +PCRE2 default-hierarchy=hybrid)
[    3.424107] systemd[1]: Detected architecture x86-64.
[    3.424110] systemd[1]: Running in initial RAM disk.
[    3.426009] systemd[1]: Set hostname to <localhost.localdomain>.
[    3.491436] systemd[1]: Reached target Timers.
[    3.492471] systemd[1]: Created slice system-systemd\x2dhibernate\x2dresume.slice.
[    3.492536] systemd[1]: Listening on udev Kernel Socket.
[    3.492623] systemd[1]: Listening on Journal Socket.
[    3.493213] systemd[1]: Starting Create list of required static device nodes for the current kernel...
[    3.493319] systemd[1]: Reached target Swap.
[    3.543045] audit: type=1130 audit(1545854851.954:2): pid=1 uid=0 auid=4294967295 ses=4294967295 subj=kernel msg='unit=systemd-journald comm="systemd" exe="/usr/lib/systemd/systemd" hostname=? addr=? terminal=? res=success'
[    3.565179] audit: type=1130 audit(1545854851.977:3): pid=1 uid=0 auid=4294967295 ses=4294967295 subj=kernel msg='unit=systemd-vconsole-setup comm="systemd" exe="/usr/lib/systemd/systemd" hostname=? addr=? terminal=? res=success'
[    3.565183] audit: type=1131 audit(1545854851.977:4): pid=1 uid=0 auid=4294967295 ses=4294967295 subj=kernel msg='unit=systemd-vconsole-setup comm="systemd" exe="/usr/lib/systemd/systemd" hostname=? addr=? terminal=? res=success'
[    3.722829] audit: type=1130 audit(1545854852.134:5): pid=1 uid=0 auid=4294967295 ses=4294967295 subj=kernel msg='unit=dracut-cmdline comm="systemd" exe="/usr/lib/systemd/systemd" hostname=? addr=? terminal=? res=success'
[    3.767178] audit: type=1130 audit(1545854852.179:6): pid=1 uid=0 auid=4294967295 ses=4294967295 subj=kernel msg='unit=dracut-pre-udev comm="systemd" exe="/usr/lib/systemd/systemd" hostname=? addr=? terminal=? res=success'
[    3.788203] audit: type=1130 audit(1545854852.200:7): pid=1 uid=0 auid=4294967295 ses=4294967295 subj=kernel msg='unit=systemd-udevd comm="systemd" exe="/usr/lib/systemd/systemd" hostname=? addr=? terminal=? res=success'
[    3.863007] audit: type=1130 audit(1545854852.272:8): pid=1 uid=0 auid=4294967295 ses=4294967295 subj=kernel msg='unit=systemd-udev-trigger comm="systemd" exe="/usr/lib/systemd/systemd" hostname=? addr=? terminal=? res=success'
[    3.888922] audit: type=1130 audit(1545854852.300:9): pid=1 uid=0 auid=4294967295 ses=4294967295 subj=kernel msg='unit=plymouth-start comm="systemd" exe="/usr/lib/systemd/systemd" hostname=? addr=? terminal=? res=success'
[    3.902365] alx 0000:04:00.0 eth0: Qualcomm Atheros AR816x/AR817x Ethernet [94:de:80:69:28:61]
[    3.912163] usbcore: registered new interface driver r8152
[    3.932441] alx 0000:04:00.0 enp4s0: renamed from eth0
[    3.981058] usb 1-1.4: reset high-speed USB device number 4 using ehci-pci
[    4.119220] r8152 1-1.4:1.0 eth0: v1.09.9
[    4.123824] r8152 1-1.4:1.0 enp0s26u1u4: renamed from eth0
[    4.136603] VFIO - User Level meta-driver version: 0.3
[    4.656503] [drm] Replacing VGA console driver
[    4.657388] Console: switching to colour dummy device 80x25
[    4.658087] [drm] Supports vblank timestamp caching Rev 2 (21.10.2013).
[    4.658088] [drm] Driver supports precise vblank timestamp query.
[    4.658421] i915 0000:00:02.0: vgaarb: changed VGA decodes: olddecodes=io+mem,decodes=io+mem:owns=io+mem
[    4.666144] [drm] Initialized i915 1.6.0 20180921 for 0000:00:02.0 on minor 0
[    4.666460] ACPI: Video Device [GFX0] (multi-head: yes  rom: no  post: no)
[    4.666586] input: Video Bus as /devices/LNXSYSTM:00/LNXSYBUS:00/PNP0A08:00/LNXVIDEO:00/input/input10
[    4.694987] fbcon: inteldrmfb (fb0) is primary device
[    4.768188] Console: switching to colour frame buffer device 240x67
[    4.791564] i915 0000:00:02.0: fb0: inteldrmfb frame buffer device
[    5.077779] PM: Image not found (code -22)
[    5.078886] audit: type=1130 audit(1545854853.490:10): pid=1 uid=0 auid=4294967295 ses=4294967295 subj=kernel msg='unit=systemd-hibernate-resume@dev-mapper-fedora\x2dswap comm="systemd" exe="/usr/lib/systemd/systemd" hostname=? addr=? terminal=? res=success'
[    5.150680] EXT4-fs (dm-0): mounted filesystem with ordered data mode. Opts: (null)
[    5.267951] kauditd_printk_skb: 4 callbacks suppressed
[    5.267953] audit: type=1130 audit(1545854853.679:15): pid=1 uid=0 auid=4294967295 ses=4294967295 subj=kernel msg='unit=initrd-parse-etc comm="systemd" exe="/usr/lib/systemd/systemd" hostname=? addr=? terminal=? res=success'
[    5.267957] audit: type=1131 audit(1545854853.679:16): pid=1 uid=0 auid=4294967295 ses=4294967295 subj=kernel msg='unit=initrd-parse-etc comm="systemd" exe="/usr/lib/systemd/systemd" hostname=? addr=? terminal=? res=success'
[    5.417428] audit: type=1130 audit(1545854853.829:17): pid=1 uid=0 auid=4294967295 ses=4294967295 subj=kernel msg='unit=dracut-pre-pivot comm="systemd" exe="/usr/lib/systemd/systemd" hostname=? addr=? terminal=? res=success'
[    5.430560] audit: type=1131 audit(1545854853.842:18): pid=1 uid=0 auid=4294967295 ses=4294967295 subj=kernel msg='unit=dracut-pre-pivot comm="systemd" exe="/usr/lib/systemd/systemd" hostname=? addr=? terminal=? res=success'
[    5.431410] audit: type=1130 audit(1545854853.843:19): pid=1 uid=0 auid=4294967295 ses=4294967295 subj=kernel msg='unit=dracut-initqueue comm="systemd" exe="/usr/lib/systemd/systemd" hostname=? addr=? terminal=? res=success'
[    5.431427] audit: type=1131 audit(1545854853.843:20): pid=1 uid=0 auid=4294967295 ses=4294967295 subj=kernel msg='unit=dracut-initqueue comm="systemd" exe="/usr/lib/systemd/systemd" hostname=? addr=? terminal=? res=success'
[    5.433814] audit: type=1130 audit(1545854853.845:21): pid=1 uid=0 auid=4294967295 ses=4294967295 subj=kernel msg='unit=systemd-sysctl comm="systemd" exe="/usr/lib/systemd/systemd" hostname=? addr=? terminal=? res=success'
[    5.433825] audit: type=1131 audit(1545854853.845:22): pid=1 uid=0 auid=4294967295 ses=4294967295 subj=kernel msg='unit=systemd-sysctl comm="systemd" exe="/usr/lib/systemd/systemd" hostname=? addr=? terminal=? res=success'
[    5.434401] audit: type=1130 audit(1545854853.846:23): pid=1 uid=0 auid=4294967295 ses=4294967295 subj=kernel msg='unit=systemd-udev-trigger comm="systemd" exe="/usr/lib/systemd/systemd" hostname=? addr=? terminal=? res=success'
[    5.434410] audit: type=1131 audit(1545854853.846:24): pid=1 uid=0 auid=4294967295 ses=4294967295 subj=kernel msg='unit=systemd-udev-trigger comm="systemd" exe="/usr/lib/systemd/systemd" hostname=? addr=? terminal=? res=success'
[    5.548200] systemd-journald[312]: Received SIGTERM from PID 1 (systemd).
[    5.585754] printk: systemd: 13 output lines suppressed due to ratelimiting
[    5.988620] SELinux:  Class xdp_socket not defined in policy.
[    5.988621] SELinux: the above unknown classes and permissions will be allowed
[    5.988625] SELinux:  policy capability network_peer_controls=1
[    5.988625] SELinux:  policy capability open_perms=1
[    5.988626] SELinux:  policy capability extended_socket_class=1
[    5.988626] SELinux:  policy capability always_check_network=0
[    5.988626] SELinux:  policy capability cgroup_seclabel=1
[    5.988627] SELinux:  policy capability nnp_nosuid_transition=1
[    6.005339] systemd[1]: Successfully loaded SELinux policy in 332.933ms.
[    6.016865] systemd[1]: RTC configured in localtime, applying delta of 540 minutes to system time.
[    6.049904] systemd[1]: Relabelled /dev, /run and /sys/fs/cgroup in 26.846ms.
[    6.053312] systemd[1]: systemd 239 running in system mode. (+PAM +AUDIT +SELINUX +IMA -APPARMOR +SMACK +SYSVINIT +UTMP +LIBCRYPTSETUP +GCRYPT +GNUTLS +ACL +XZ +LZ4 +SECCOMP +BLKID +ELFUTILS +KMOD +IDN2 -IDN +PCRE2 default-hierarchy=hybrid)
[    6.065118] systemd[1]: Detected architecture x86-64.
[    6.065995] systemd[1]: Set hostname to <localhost.localdomain>.
[    6.304386] systemd[1]: Stopped Switch Root.
[    6.304595] systemd[1]: systemd-journald.service: Service has no hold-off time (RestartSec=0), scheduling restart.
[    6.304653] systemd[1]: systemd-journald.service: Scheduled restart job, restart counter is at 1.
[    6.304671] systemd[1]: Stopped Journal Service.
[    6.305532] systemd[1]: Starting Journal Service...
[    6.306250] systemd[1]: Mounting Kernel Debug File System...
[    6.308061] systemd[1]: Listening on LVM2 poll daemon socket.
[    6.319864] EXT4-fs (dm-0): re-mounted. Opts: (null)
[    6.320816] Adding 8183804k swap on /dev/mapper/fedora-swap.  Priority:-2 extents:1 across:8183804k SSFS
[    6.321903] systemd-journald[690]: File /run/log/journal/14d67c6237b84d4cb759ddee7648890e/system.journal corrupted or uncleanly shut down, renaming and replacing.
[    6.354612] systemd-journald[690]: Received request to flush runtime journal from PID 1
[    6.646122] EDAC ie31200: No ECC support
[    6.667635] i801_smbus 0000:00:1f.3: SMBus using PCI interrupt
[    6.675866] ACPI Warning: SystemIO range 0x0000000000000428-0x000000000000042F conflicts with OpRegion 0x0000000000000400-0x000000000000047F (\PMIO) (20181003/utaddress-213)
[    6.675871] ACPI: If an ACPI driver is available for this device, you should use it instead of the native driver
[    6.675873] ACPI Warning: SystemIO range 0x0000000000000540-0x000000000000054F conflicts with OpRegion 0x0000000000000500-0x0000000000000563 (\GPIO) (20181003/utaddress-213)
[    6.675877] ACPI: If an ACPI driver is available for this device, you should use it instead of the native driver
[    6.675877] ACPI Warning: SystemIO range 0x0000000000000530-0x000000000000053F conflicts with OpRegion 0x0000000000000500-0x0000000000000563 (\GPIO) (20181003/utaddress-213)
[    6.675881] ACPI: If an ACPI driver is available for this device, you should use it instead of the native driver
[    6.675882] ACPI Warning: SystemIO range 0x0000000000000500-0x000000000000052F conflicts with OpRegion 0x0000000000000500-0x000000000000051F (\LED) (20181003/utaddress-213)
[    6.675885] ACPI Warning: SystemIO range 0x0000000000000500-0x000000000000052F conflicts with OpRegion 0x0000000000000500-0x0000000000000563 (\GPIO) (20181003/utaddress-213)
[    6.675888] ACPI: If an ACPI driver is available for this device, you should use it instead of the native driver
[    6.675889] lpc_ich: Resource conflict(s) found affecting gpio_ich
[    6.741935] input: PC Speaker as /devices/platform/pcspkr/input/input11
[    6.802641] RAPL PMU: API unit is 2^-32 Joules, 3 fixed counters, 163840 ms ovfl timer
[    6.802642] RAPL PMU: hw unit of domain pp0-core 2^-16 Joules
[    6.802643] RAPL PMU: hw unit of domain package 2^-16 Joules
[    6.802643] RAPL PMU: hw unit of domain pp1-gpu 2^-16 Joules
[    6.839401] iTCO_vendor_support: vendor-support=0
[    6.844615] iTCO_wdt: Intel TCO WatchDog Timer Driver v1.11
[    6.844649] iTCO_wdt: unable to reset NO_REBOOT flag, device disabled by hardware/BIOS
[    6.958533] snd_hda_intel 0000:00:1b.0: bound 0000:00:02.0 (ops i915_audio_component_bind_ops [i915])
[    7.003584] snd_hda_codec_via hdaudioC0D2: autoconfig for VT2020: line_outs=3 (0x24/0x25/0x26/0x0/0x0) type:line
[    7.003586] snd_hda_codec_via hdaudioC0D2:    speaker_outs=0 (0x0/0x0/0x0/0x0/0x0)
[    7.003587] snd_hda_codec_via hdaudioC0D2:    hp_outs=1 (0x28/0x0/0x0/0x0/0x0)
[    7.003588] snd_hda_codec_via hdaudioC0D2:    mono: mono_out=0x0
[    7.003589] snd_hda_codec_via hdaudioC0D2:    dig-out=0x2d/0x2e
[    7.003598] snd_hda_codec_via hdaudioC0D2:    inputs:
[    7.003600] snd_hda_codec_via hdaudioC0D2:      Front Mic=0x29
[    7.003601] snd_hda_codec_via hdaudioC0D2:      Rear Mic=0x2b
[    7.003602] snd_hda_codec_via hdaudioC0D2:      Line=0x2a
[    7.032966] kvm: disabled by bios
[    7.064894] input: HDA Intel PCH Front Mic as /devices/pci0000:00/0000:00:1b.0/sound/card0/input12
[    7.064938] input: HDA Intel PCH Rear Mic as /devices/pci0000:00/0000:00:1b.0/sound/card0/input13
[    7.064973] input: HDA Intel PCH Line as /devices/pci0000:00/0000:00:1b.0/sound/card0/input14
[    7.065012] input: HDA Intel PCH Line Out Front as /devices/pci0000:00/0000:00:1b.0/sound/card0/input15
[    7.065052] input: HDA Intel PCH Line Out Surround as /devices/pci0000:00/0000:00:1b.0/sound/card0/input16
[    7.065090] input: HDA Intel PCH Line Out CLFE as /devices/pci0000:00/0000:00:1b.0/sound/card0/input17
[    7.065126] input: HDA Intel PCH Front Headphone as /devices/pci0000:00/0000:00:1b.0/sound/card0/input18
[    7.065161] input: HDA Intel PCH HDMI/DP,pcm=3 as /devices/pci0000:00/0000:00:1b.0/sound/card0/input19
[    7.065196] input: HDA Intel PCH HDMI/DP,pcm=7 as /devices/pci0000:00/0000:00:1b.0/sound/card0/input20
[    7.065230] input: HDA Intel PCH HDMI/DP,pcm=8 as /devices/pci0000:00/0000:00:1b.0/sound/card0/input21
[    7.135791] intel_rapl: Found RAPL domain package
[    7.135792] intel_rapl: Found RAPL domain core
[    7.135793] intel_rapl: Found RAPL domain uncore
[    7.271288] EXT4-fs (sda1): mounted filesystem with ordered data mode. Opts: (null)
[    7.282970] EXT4-fs (dm-2): mounted filesystem with ordered data mode. Opts: (null)
[    7.497991] RPC: Registered named UNIX socket transport module.
[    7.497992] RPC: Registered udp transport module.
[    7.497993] RPC: Registered tcp transport module.
[    7.497993] RPC: Registered tcp NFSv4.1 backchannel transport module.
[    7.655621] it87: Found IT8728F chip at 0xa30, revision 1
[    7.655642] it87: Beeping is supported
[    8.605026] IPv6: ADDRCONF(NETDEV_UP): enp0s26u1u4: link is not ready
[    8.631365] IPv6: ADDRCONF(NETDEV_UP): enp0s26u1u4: link is not ready
[    8.635436] IPv6: ADDRCONF(NETDEV_UP): enp4s0: link is not ready
[    8.636423] IPv6: ADDRCONF(NETDEV_UP): enp4s0: link is not ready
[    8.650287] rtl8152: first bulk rx urb tx in set_carrier
[    8.650289] rtl8152: 0th 000000004f17f7a2 rx_agg bulk rx urb starts transmission
[    8.650291] rtl8152: 1th 00000000aa32ddde rx_agg bulk rx urb starts transmission
[    8.650292] rtl8152: 2th 000000000ae5b473 rx_agg bulk rx urb starts transmission
[    8.650293] rtl8152: 3th 000000000c2092d4 rx_agg bulk rx urb starts transmission
[    8.650294] rtl8152: 4th 00000000c31d1ba3 rx_agg bulk rx urb starts transmission
[    8.650295] rtl8152: 5th 0000000050de8df0 rx_agg bulk rx urb starts transmission
[    8.650296] rtl8152: 6th 00000000ac200fc3 rx_agg bulk rx urb starts transmission
[    8.650297] rtl8152: 7th 000000008bf5ecb7 rx_agg bulk rx urb starts transmission
[    8.650298] rtl8152: 8th 00000000adcac5d6 rx_agg bulk rx urb starts transmission
[    8.650299] rtl8152: 9th 0000000061e1e324 rx_agg bulk rx urb starts transmission
[    8.650310] IPv6: ADDRCONF(NETDEV_CHANGE): enp0s26u1u4: link becomes ready
[    8.651164] r8152 1-1.4:1.0 enp0s26u1u4: carrier on
[    9.426206] bridge: filtering via arp/ip/ip6tables is no longer available by default. Update your scripts to load br_netfilter if you need this.
[    9.444854] tun: Universal TUN/TAP device driver, 1.6
[    9.446091] virbr0: port 1(virbr0-nic) entered blocking state
[    9.446093] virbr0: port 1(virbr0-nic) entered disabled state
[    9.446128] device virbr0-nic entered promiscuous mode
[    9.552941] virbr0: port 1(virbr0-nic) entered blocking state
[    9.552943] virbr0: port 1(virbr0-nic) entered listening state
[    9.597827] virbr0: port 1(virbr0-nic) entered disabled state
[   15.481632] fuse init (API version 7.28)
[   16.113741] rtl8152: rx agg address: 000000004f17f7a2 in rx_bottom
[   16.113743] rtl8152: rx_bottom urb length 496 bytes
[   16.113744] rtl8152: rx memcpy 466 bytes.
[   16.113745] rtl8152: copy end
[   17.124501] rtl8152: rx agg address: 00000000aa32ddde in rx_bottom
[   17.124502] rtl8152: rx_bottom urb length 496 bytes
[   17.124504] rtl8152: rx memcpy 466 bytes.
[   17.124504] rtl8152: copy end
[   18.121856] rtl8152: rx agg address: 000000000ae5b473 in rx_bottom
[   18.121867] rtl8152: rx_bottom urb length 496 bytes
[   18.121869] rtl8152: rx memcpy 466 bytes.
[   18.121869] rtl8152: copy end
[   19.123217] rtl8152: rx agg address: 000000000c2092d4 in rx_bottom
[   19.123218] rtl8152: rx_bottom urb length 496 bytes
[   19.123219] rtl8152: rx memcpy 466 bytes.
[   19.123220] rtl8152: copy end
[   20.124732] rtl8152: rx agg address: 00000000c31d1ba3 in rx_bottom
[   20.124739] rtl8152: rx_bottom urb length 496 bytes
[   20.124741] rtl8152: rx memcpy 466 bytes.
[   20.124742] rtl8152: copy end
[   21.126100] rtl8152: rx agg address: 0000000050de8df0 in rx_bottom
[   21.126106] rtl8152: rx_bottom urb length 496 bytes
[   21.126108] rtl8152: rx memcpy 466 bytes.
[   21.126109] rtl8152: copy end
[   22.127845] rtl8152: rx agg address: 00000000ac200fc3 in rx_bottom
[   22.127851] rtl8152: rx_bottom urb length 496 bytes
[   22.127854] rtl8152: rx memcpy 466 bytes.
[   22.127854] rtl8152: copy end
[   23.129090] rtl8152: rx agg address: 000000008bf5ecb7 in rx_bottom
[   23.129096] rtl8152: rx_bottom urb length 496 bytes
[   23.129098] rtl8152: rx memcpy 466 bytes.
[   23.129099] rtl8152: copy end
[   36.588878] rtl8152: rx agg address: 00000000adcac5d6 in rx_bottom
[   36.588890] rtl8152: rx_bottom urb length 216 bytes
[   36.588894] rtl8152: rx memcpy 187 bytes.
[   36.588897] rtl8152: copy end
[   36.589762] rtl8152: rx agg address: 0000000061e1e324 in rx_bottom
[   36.589772] rtl8152: rx_bottom urb length 216 bytes
[   36.589776] rtl8152: rx memcpy 187 bytes.
[   36.589779] rtl8152: copy end
[   36.597876] rtl8152: rx agg address: 000000004f17f7a2 in rx_bottom
[   36.597886] rtl8152: rx_bottom urb length 176 bytes
[   36.597890] rtl8152: rx memcpy 60 bytes.
[   36.597893] rtl8152: copy end
[   36.597908] rtl8152: rx memcpy 60 bytes.
[   36.597911] rtl8152: copy end
[   36.598728] rtl8152: rx agg address: 00000000aa32ddde in rx_bottom
[   36.598731] rtl8152: rx_bottom urb length 176 bytes
[   36.598733] rtl8152: rx memcpy 60 bytes.
[   36.598735] rtl8152: copy end
[   36.598742] rtl8152: rx memcpy 60 bytes.
[   36.598744] rtl8152: copy end
[   36.599660] rtl8152: rx agg address: 000000000ae5b473 in rx_bottom
[   36.599670] rtl8152: rx_bottom urb length 176 bytes
[   36.599674] rtl8152: rx memcpy 60 bytes.
[   36.599677] rtl8152: copy end
[   36.599689] rtl8152: rx memcpy 60 bytes.
[   36.599692] rtl8152: copy end
[   36.600537] rtl8152: rx agg address: 000000000c2092d4 in rx_bottom
[   36.600547] rtl8152: rx_bottom urb length 176 bytes
[   36.600551] rtl8152: rx memcpy 60 bytes.
[   36.600553] rtl8152: copy end
[   36.600566] rtl8152: rx memcpy 60 bytes.
[   36.600568] rtl8152: copy end
[   36.601254] rtl8152: rx agg address: 00000000c31d1ba3 in rx_bottom
[   36.601264] rtl8152: rx_bottom urb length 176 bytes
[   36.601268] rtl8152: rx memcpy 60 bytes.
[   36.601270] rtl8152: copy end
[   36.601283] rtl8152: rx memcpy 60 bytes.
[   36.601285] rtl8152: copy end
[   36.602161] rtl8152: rx agg address: 0000000050de8df0 in rx_bottom
[   36.602172] rtl8152: rx_bottom urb length 176 bytes
[   36.602177] rtl8152: rx memcpy 60 bytes.
[   36.602179] rtl8152: copy end
[   36.602191] rtl8152: rx memcpy 60 bytes.
[   36.602194] rtl8152: copy end
[   36.603041] rtl8152: rx agg address: 00000000ac200fc3 in rx_bottom
[   36.603051] rtl8152: rx_bottom urb length 176 bytes
[   36.603056] rtl8152: rx memcpy 60 bytes.
[   36.603058] rtl8152: copy end
[   36.603070] rtl8152: rx memcpy 60 bytes.
[   36.603073] rtl8152: copy end
[   36.603747] rtl8152: rx agg address: 000000008bf5ecb7 in rx_bottom
[   36.603753] rtl8152: rx_bottom urb length 88 bytes
[   36.603757] rtl8152: rx memcpy 60 bytes.
[   36.603760] rtl8152: copy end
[   36.613272] rtl8152: rx agg address: 00000000adcac5d6 in rx_bottom
[   36.613282] rtl8152: rx_bottom urb length 96 bytes
[   36.613286] rtl8152: rx memcpy 64 bytes.
[   36.613289] rtl8152: copy end
[   36.621040] rtl8152: rx agg address: 0000000061e1e324 in rx_bottom
[   36.621050] rtl8152: rx_bottom urb length 96 bytes
[   36.621054] rtl8152: rx memcpy 64 bytes.
[   36.621057] rtl8152: copy end
[   36.636653] rtl8152: rx agg address: 000000004f17f7a2 in rx_bottom
[   36.636663] rtl8152: rx_bottom urb length 160 bytes
[   36.636667] rtl8152: rx memcpy 129 bytes.
[   36.636670] rtl8152: copy end
[   36.687002] rtl8152: rx agg address: 00000000aa32ddde in rx_bottom
[   36.687013] rtl8152: rx_bottom urb length 336 bytes
[   36.687017] rtl8152: rx memcpy 305 bytes.
[   36.687019] rtl8152: copy end
[   36.749635] rtl8152: rx agg address: 000000000ae5b473 in rx_bottom
[   36.749646] rtl8152: rx_bottom urb length 336 bytes
[   36.749650] rtl8152: rx memcpy 305 bytes.
[   36.749653] rtl8152: copy end
[   36.780755] rtl8152: rx agg address: 000000000c2092d4 in rx_bottom
[   36.780766] rtl8152: rx_bottom urb length 120 bytes
[   36.780770] rtl8152: rx memcpy 92 bytes.
[   36.780773] rtl8152: copy end
[   36.866374] rtl8152: rx agg address: 00000000c31d1ba3 in rx_bottom
[   36.866384] rtl8152: rx_bottom urb length 88 bytes
[   36.866388] rtl8152: rx memcpy 60 bytes.
[   36.866391] rtl8152: copy end
[   37.042618] rtl8152: rx agg address: 0000000050de8df0 in rx_bottom
[   37.042624] rtl8152: rx_bottom urb length 120 bytes
[   37.042627] rtl8152: rx memcpy 92 bytes.
[   37.042628] rtl8152: copy end
[   37.080618] rtl8152: rx agg address: 00000000ac200fc3 in rx_bottom
[   37.080623] rtl8152: rx_bottom urb length 88 bytes
[   37.080626] rtl8152: rx memcpy 60 bytes.
[   37.080627] rtl8152: copy end
[   37.139621] rtl8152: rx agg address: 000000008bf5ecb7 in rx_bottom
[   37.139626] rtl8152: rx_bottom urb length 336 bytes
[   37.139628] rtl8152: rx memcpy 305 bytes.
[   37.139629] rtl8152: copy end
[   37.223407] rtl8152: rx agg address: 00000000adcac5d6 in rx_bottom
[   37.223424] rtl8152: rx_bottom urb length 88 bytes
[   37.223427] rtl8152: rx memcpy 60 bytes.
[   37.223429] rtl8152: copy end
[   37.240407] rtl8152: rx agg address: 0000000061e1e324 in rx_bottom
[   37.240425] rtl8152: rx_bottom urb length 176 bytes
[   37.240428] rtl8152: rx memcpy 60 bytes.
[   37.240429] rtl8152: copy end
[   37.240440] rtl8152: rx memcpy 60 bytes.
[   37.240442] rtl8152: copy end
[   37.241255] rtl8152: rx agg address: 000000004f17f7a2 in rx_bottom
[   37.241271] rtl8152: rx_bottom urb length 176 bytes
[   37.241273] rtl8152: rx memcpy 60 bytes.
[   37.241275] rtl8152: copy end
[   37.241282] rtl8152: rx memcpy 60 bytes.
[   37.241284] rtl8152: copy end
[   37.242158] rtl8152: rx agg address: 00000000aa32ddde in rx_bottom
[   37.242176] rtl8152: rx_bottom urb length 176 bytes
[   37.242178] rtl8152: rx memcpy 60 bytes.
[   37.242180] rtl8152: copy end
[   37.242187] rtl8152: rx memcpy 60 bytes.
[   37.242189] rtl8152: copy end
[   37.242864] rtl8152: rx agg address: 000000000ae5b473 in rx_bottom
[   37.242871] rtl8152: rx_bottom urb length 176 bytes
[   37.242882] rtl8152: rx memcpy 60 bytes.
[   37.242884] rtl8152: copy end
[   37.242891] rtl8152: rx memcpy 60 bytes.
[   37.242893] rtl8152: copy end
[   37.243766] rtl8152: rx agg address: 000000000c2092d4 in rx_bottom
[   37.243776] rtl8152: rx_bottom urb length 176 bytes
[   37.243781] rtl8152: rx memcpy 60 bytes.
[   37.243792] rtl8152: copy end
[   37.243799] rtl8152: rx memcpy 60 bytes.
[   37.243801] rtl8152: copy end
[   37.244626] rtl8152: rx agg address: 00000000c31d1ba3 in rx_bottom
[   37.244642] rtl8152: rx_bottom urb length 176 bytes
[   37.244644] rtl8152: rx memcpy 60 bytes.
[   37.244646] rtl8152: copy end
[   37.244654] rtl8152: rx memcpy 60 bytes.
[   37.244655] rtl8152: copy end
[   37.245534] rtl8152: rx agg address: 0000000050de8df0 in rx_bottom
[   37.245551] rtl8152: rx_bottom urb length 176 bytes
[   37.245553] rtl8152: rx memcpy 60 bytes.
[   37.245555] rtl8152: copy end
[   37.245563] rtl8152: rx memcpy 60 bytes.
[   37.245564] rtl8152: copy end
[   37.246251] rtl8152: rx agg address: 00000000ac200fc3 in rx_bottom
[   37.246268] rtl8152: rx_bottom urb length 176 bytes
[   37.246270] rtl8152: rx memcpy 60 bytes.
[   37.246272] rtl8152: copy end
[   37.246279] rtl8152: rx memcpy 60 bytes.
[   37.246281] rtl8152: copy end
[   37.247130] rtl8152: rx agg address: 000000008bf5ecb7 in rx_bottom
[   37.247147] rtl8152: rx_bottom urb length 176 bytes
[   37.247149] rtl8152: rx memcpy 60 bytes.
[   37.247151] rtl8152: copy end
[   37.247158] rtl8152: rx memcpy 60 bytes.
[   37.247160] rtl8152: copy end
[   37.247972] rtl8152: rx agg address: 00000000adcac5d6 in rx_bottom
[   37.247976] rtl8152: rx_bottom urb length 176 bytes
[   37.247978] rtl8152: rx memcpy 60 bytes.
[   37.247989] rtl8152: copy end
[   37.247993] rtl8152: rx memcpy 60 bytes.
[   37.247994] rtl8152: copy end
[   37.248885] rtl8152: rx agg address: 0000000061e1e324 in rx_bottom
[   37.248901] rtl8152: rx_bottom urb length 176 bytes
[   37.248903] rtl8152: rx memcpy 60 bytes.
[   37.248905] rtl8152: copy end
[   37.248912] rtl8152: rx memcpy 60 bytes.
[   37.248914] rtl8152: copy end
[   37.319998] rtl8152: rx agg address: 000000004f17f7a2 in rx_bottom
[   37.320016] rtl8152: rx_bottom urb length 336 bytes
[   37.320018] rtl8152: rx memcpy 305 bytes.
[   37.320019] rtl8152: copy end
[   37.384253] rtl8152: rx agg address: 00000000aa32ddde in rx_bottom
[   37.384273] rtl8152: rx_bottom urb length 336 bytes
[   37.384277] rtl8152: rx memcpy 305 bytes.
[   37.384279] rtl8152: copy end
[   37.404273] rtl8152: rx agg address: 000000000ae5b473 in rx_bottom
[   37.404293] rtl8152: rx_bottom urb length 416 bytes
[   37.404297] rtl8152: rx memcpy 176 bytes.
[   37.404299] rtl8152: copy end
[   37.404326] rtl8152: rx memcpy 176 bytes.
[   37.404329] rtl8152: copy end
[   37.438627] rtl8152: rx agg address: 000000000c2092d4 in rx_bottom
[   37.438638] rtl8152: rx_bottom urb length 336 bytes
[   37.438642] rtl8152: rx memcpy 305 bytes.
[   37.438645] rtl8152: copy end
[   37.446626] rtl8152: rx agg address: 00000000c31d1ba3 in rx_bottom
[   37.446636] rtl8152: rx_bottom urb length 208 bytes
[   37.446640] rtl8152: rx memcpy 176 bytes.
[   37.446643] rtl8152: copy end
[   37.451244] rtl8152: rx agg address: 0000000050de8df0 in rx_bottom
[   37.451255] rtl8152: rx_bottom urb length 416 bytes
[   37.451259] rtl8152: rx memcpy 176 bytes.
[   37.451261] rtl8152: copy end
[   37.451285] rtl8152: rx memcpy 176 bytes.
[   37.451290] rtl8152: copy end
[   37.686746] rtl8152: rx agg address: 00000000ac200fc3 in rx_bottom
[   37.686756] rtl8152: rx_bottom urb length 336 bytes
[   37.686760] rtl8152: rx memcpy 305 bytes.
[   37.686763] rtl8152: copy end
[   37.744968] rtl8152: rx agg address: 000000008bf5ecb7 in rx_bottom
[   37.744970] rtl8152: rx_bottom urb length 336 bytes
[   37.744972] rtl8152: rx memcpy 305 bytes.
[   37.744972] rtl8152: copy end
[   37.767864] rtl8152: rx agg address: 00000000adcac5d6 in rx_bottom
[   37.767866] rtl8152: rx_bottom urb length 88 bytes
[   37.767867] rtl8152: rx memcpy 60 bytes.
[   37.767868] rtl8152: copy end
[   37.776232] rtl8152: rx agg address: 0000000061e1e324 in rx_bottom
[   37.776234] rtl8152: rx_bottom urb length 168 bytes
[   37.776235] rtl8152: rx memcpy 139 bytes.
[   37.776236] rtl8152: copy end
[   37.781102] rtl8152: rx agg address: 000000004f17f7a2 in rx_bottom
[   37.781103] rtl8152: rx_bottom urb length 120 bytes
[   37.781104] rtl8152: rx memcpy 92 bytes.
[   37.781104] rtl8152: copy end
[   37.807736] rtl8152: rx agg address: 00000000aa32ddde in rx_bottom
[   37.807752] rtl8152: rx_bottom urb length 88 bytes
[   37.807756] rtl8152: rx memcpy 60 bytes.
[   37.807758] rtl8152: copy end
[   37.943379] rtl8152: rx agg address: 000000000ae5b473 in rx_bottom
[   37.943398] rtl8152: rx_bottom urb length 88 bytes
[   37.943401] rtl8152: rx memcpy 60 bytes.
[   37.943403] rtl8152: copy end
[   37.969250] rtl8152: rx agg address: 000000000c2092d4 in rx_bottom
[   37.969267] rtl8152: rx_bottom urb length 88 bytes
[   37.969271] rtl8152: rx memcpy 60 bytes.
[   37.969273] rtl8152: copy end
[   37.969733] rtl8152: rx agg address: 00000000c31d1ba3 in rx_bottom
[   37.969748] rtl8152: rx_bottom urb length 176 bytes
[   37.969751] rtl8152: rx memcpy 60 bytes.
[   37.969753] rtl8152: copy end
[   37.969760] rtl8152: rx memcpy 60 bytes.
[   37.969762] rtl8152: copy end
[   37.970643] rtl8152: rx agg address: 0000000050de8df0 in rx_bottom
[   37.970661] rtl8152: rx_bottom urb length 176 bytes
[   37.970664] rtl8152: rx memcpy 60 bytes.
[   37.970665] rtl8152: copy end
[   37.970675] rtl8152: rx memcpy 60 bytes.
[   37.970677] rtl8152: copy end
[   37.971528] rtl8152: rx agg address: 00000000ac200fc3 in rx_bottom
[   37.971547] rtl8152: rx_bottom urb length 176 bytes
[   37.971550] rtl8152: rx memcpy 60 bytes.
[   37.971552] rtl8152: copy end
[   37.971561] rtl8152: rx memcpy 60 bytes.
[   37.971563] rtl8152: copy end
[   37.972242] rtl8152: rx agg address: 000000008bf5ecb7 in rx_bottom
[   37.972260] rtl8152: rx_bottom urb length 176 bytes
[   37.972264] rtl8152: rx memcpy 60 bytes.
[   37.972266] rtl8152: copy end
[   37.972275] rtl8152: rx memcpy 60 bytes.
[   37.972277] rtl8152: copy end
[   37.973153] rtl8152: rx agg address: 00000000adcac5d6 in rx_bottom
[   37.973172] rtl8152: rx_bottom urb length 176 bytes
[   37.973175] rtl8152: rx memcpy 60 bytes.
[   37.973177] rtl8152: copy end
[   37.973187] rtl8152: rx memcpy 60 bytes.
[   37.973189] rtl8152: copy end
[   37.974021] rtl8152: rx agg address: 0000000061e1e324 in rx_bottom
[   37.974040] rtl8152: rx_bottom urb length 176 bytes
[   37.974043] rtl8152: rx memcpy 60 bytes.
[   37.974045] rtl8152: copy end
[   37.974054] rtl8152: rx memcpy 60 bytes.
[   37.974056] rtl8152: copy end
[   37.974749] rtl8152: rx agg address: 000000004f17f7a2 in rx_bottom
[   37.974765] rtl8152: rx_bottom urb length 176 bytes
[   37.974767] rtl8152: rx memcpy 60 bytes.
[   37.974769] rtl8152: copy end
[   37.974776] rtl8152: rx memcpy 60 bytes.
[   37.974777] rtl8152: copy end
[   38.041126] rtl8152: rx agg address: 00000000aa32ddde in rx_bottom
[   38.041136] rtl8152: rx_bottom urb length 96 bytes
[   38.041140] rtl8152: rx memcpy 64 bytes.
[   38.041142] rtl8152: copy end
[   38.042618] rtl8152: rx agg address: 000000000ae5b473 in rx_bottom
[   38.042638] rtl8152: rx_bottom urb length 120 bytes
[   38.042642] rtl8152: rx memcpy 92 bytes.
[   38.042644] rtl8152: copy end
[   38.097368] rtl8152: rx agg address: 000000000c2092d4 in rx_bottom
[   38.097378] rtl8152: rx_bottom urb length 96 bytes
[   38.097383] rtl8152: rx memcpy 64 bytes.
[   38.097385] rtl8152: copy end
[   38.138004] rtl8152: rx agg address: 00000000c31d1ba3 in rx_bottom
[   38.138015] rtl8152: rx_bottom urb length 336 bytes
[   38.138019] rtl8152: rx memcpy 305 bytes.
[   38.138021] rtl8152: copy end
[   38.153260] rtl8152: rx agg address: 0000000050de8df0 in rx_bottom
[   38.153271] rtl8152: rx_bottom urb length 96 bytes
[   38.153275] rtl8152: rx memcpy 64 bytes.
[   38.153278] rtl8152: copy end
[   38.154152] rtl8152: rx agg address: 00000000ac200fc3 in rx_bottom
[   38.154162] rtl8152: rx_bottom urb length 96 bytes
[   38.154166] rtl8152: rx memcpy 64 bytes.
[   38.154169] rtl8152: copy end
[   38.161273] rtl8152: rx agg address: 000000008bf5ecb7 in rx_bottom
[   38.161283] rtl8152: rx_bottom urb length 96 bytes
[   38.161288] rtl8152: rx memcpy 64 bytes.
[   38.161290] rtl8152: copy end
[   38.162017] rtl8152: rx agg address: 00000000adcac5d6 in rx_bottom
[   38.162027] rtl8152: rx_bottom urb length 96 bytes
[   38.162031] rtl8152: rx memcpy 64 bytes.
[   38.162033] rtl8152: copy end
[   38.169277] rtl8152: rx agg address: 0000000061e1e324 in rx_bottom
[   38.169287] rtl8152: rx_bottom urb length 96 bytes
[   38.169292] rtl8152: rx memcpy 64 bytes.
[   38.169295] rtl8152: copy end
[   38.210752] rtl8152: rx agg address: 000000004f17f7a2 in rx_bottom
[   38.210763] rtl8152: rx_bottom urb length 96 bytes
[   38.210767] rtl8152: rx memcpy 64 bytes.
[   38.210769] rtl8152: copy end
[   38.211746] rtl8152: rx agg address: 00000000aa32ddde in rx_bottom
[   38.211756] rtl8152: rx_bottom urb length 96 bytes
[   38.211760] rtl8152: rx memcpy 64 bytes.
[   38.211763] rtl8152: copy end
[   38.221011] rtl8152: rx agg address: 000000000ae5b473 in rx_bottom
[   38.221021] rtl8152: rx_bottom urb length 96 bytes
[   38.221025] rtl8152: rx memcpy 64 bytes.
[   38.221028] rtl8152: copy end
[   38.221752] rtl8152: rx agg address: 000000000c2092d4 in rx_bottom
[   38.221762] rtl8152: rx_bottom urb length 96 bytes
[   38.221766] rtl8152: rx memcpy 64 bytes.
[   38.221769] rtl8152: copy end
[   38.229147] rtl8152: rx agg address: 00000000c31d1ba3 in rx_bottom
[   38.229158] rtl8152: rx_bottom urb length 96 bytes
[   38.229162] rtl8152: rx memcpy 64 bytes.
[   38.229165] rtl8152: copy end
[   38.269159] rtl8152: rx agg address: 0000000050de8df0 in rx_bottom
[   38.269170] rtl8152: rx_bottom urb length 96 bytes
[   38.269174] rtl8152: rx memcpy 64 bytes.
[   38.269177] rtl8152: copy end
[   38.270115] rtl8152: rx agg address: 00000000ac200fc3 in rx_bottom
[   38.270125] rtl8152: rx_bottom urb length 96 bytes
[   38.270129] rtl8152: rx memcpy 64 bytes.
[   38.270132] rtl8152: copy end
[   38.276989] rtl8152: rx agg address: 000000008bf5ecb7 in rx_bottom
[   38.276999] rtl8152: rx_bottom urb length 96 bytes
[   38.277004] rtl8152: rx memcpy 64 bytes.
[   38.277006] rtl8152: copy end
[   38.277871] rtl8152: rx agg address: 00000000adcac5d6 in rx_bottom
[   38.277880] rtl8152: rx_bottom urb length 96 bytes
[   38.277884] rtl8152: rx memcpy 64 bytes.
[   38.277887] rtl8152: copy end
[   38.284992] rtl8152: rx agg address: 0000000061e1e324 in rx_bottom
[   38.285002] rtl8152: rx_bottom urb length 96 bytes
[   38.285006] rtl8152: rx memcpy 64 bytes.
[   38.285009] rtl8152: copy end
[   38.317139] rtl8152: rx agg address: 000000004f17f7a2 in rx_bottom
[   38.317149] rtl8152: rx_bottom urb length 336 bytes
[   38.317153] rtl8152: rx memcpy 305 bytes.
[   38.317156] rtl8152: copy end
[   38.364990] rtl8152: rx agg address: 00000000aa32ddde in rx_bottom
[   38.365000] rtl8152: rx_bottom urb length 88 bytes
[   38.365005] rtl8152: rx memcpy 60 bytes.
[   38.365007] rtl8152: copy end
[   38.397753] rtl8152: rx agg address: 000000000ae5b473 in rx_bottom
[   38.397764] rtl8152: rx_bottom urb length 336 bytes
[   38.397768] rtl8152: rx memcpy 305 bytes.
[   38.397771] rtl8152: copy end
[   38.439027] rtl8152: rx agg address: 000000000c2092d4 in rx_bottom
[   38.439038] rtl8152: rx_bottom urb length 336 bytes
[   38.439042] rtl8152: rx memcpy 305 bytes.
[   38.439045] rtl8152: copy end
[   38.500613] rtl8152: rx agg address: 00000000c31d1ba3 in rx_bottom
[   38.500624] rtl8152: rx_bottom urb length 208 bytes
[   38.500628] rtl8152: rx memcpy 176 bytes.
[   38.500631] rtl8152: copy end
[   38.501869] rtl8152: rx agg address: 0000000050de8df0 in rx_bottom
[   38.501879] rtl8152: rx_bottom urb length 208 bytes
[   38.501883] rtl8152: rx memcpy 176 bytes.
[   38.501886] rtl8152: copy end
[   38.615116] rtl8152: rx agg address: 00000000ac200fc3 in rx_bottom
[   38.615126] rtl8152: rx_bottom urb length 88 bytes
[   38.615130] rtl8152: rx memcpy 60 bytes.
[   38.615133] rtl8152: copy end
[   38.616880] rtl8152: rx agg address: 000000008bf5ecb7 in rx_bottom
[   38.616890] rtl8152: rx_bottom urb length 256 bytes
[   38.616894] rtl8152: rx memcpy 221 bytes.
[   38.616897] rtl8152: copy end
[   38.620026] rtl8152: rx agg address: 00000000adcac5d6 in rx_bottom
[   38.620036] rtl8152: rx_bottom urb length 256 bytes
[   38.620040] rtl8152: rx memcpy 221 bytes.
[   38.620043] rtl8152: copy end
[   38.663510] rtl8152: rx agg address: 0000000061e1e324 in rx_bottom
[   38.663521] rtl8152: rx_bottom urb length 96 bytes
[   38.663525] rtl8152: rx memcpy 62 bytes.
[   38.663528] rtl8152: copy end
[   38.686644] rtl8152: rx agg address: 000000004f17f7a2 in rx_bottom
[   38.686654] rtl8152: rx_bottom urb length 336 bytes
[   38.686658] rtl8152: rx memcpy 305 bytes.
[   38.686661] rtl8152: copy end
[   38.692147] rtl8152: rx agg address: 00000000aa32ddde in rx_bottom
[   38.692157] rtl8152: rx_bottom urb length 416 bytes
[   38.692162] rtl8152: rx memcpy 175 bytes.
[   38.692164] rtl8152: copy end
[   38.692193] rtl8152: rx memcpy 175 bytes.
[   38.692196] rtl8152: copy end
[   38.713247] rtl8152: rx agg address: 000000000ae5b473 in rx_bottom
[   38.713257] rtl8152: rx_bottom urb length 256 bytes
[   38.713262] rtl8152: rx memcpy 223 bytes.
[   38.713264] rtl8152: copy end
[   38.714865] rtl8152: rx agg address: 000000000c2092d4 in rx_bottom
[   38.714875] rtl8152: rx_bottom urb length 256 bytes
[   38.714880] rtl8152: rx memcpy 223 bytes.
[   38.714882] rtl8152: copy end
[   38.750123] rtl8152: rx agg address: 00000000c31d1ba3 in rx_bottom
[   38.750134] rtl8152: rx_bottom urb length 336 bytes
[   38.750138] rtl8152: rx memcpy 305 bytes.
[   38.750140] rtl8152: copy end
[   38.767741] rtl8152: rx agg address: 0000000050de8df0 in rx_bottom
[   38.767751] rtl8152: rx_bottom urb length 88 bytes
[   38.767756] rtl8152: rx memcpy 60 bytes.
[   38.767758] rtl8152: copy end
[   38.781116] rtl8152: rx agg address: 00000000ac200fc3 in rx_bottom
[   38.781126] rtl8152: rx_bottom urb length 120 bytes
[   38.781130] rtl8152: rx memcpy 92 bytes.
[   38.781133] rtl8152: copy end
[   38.944630] rtl8152: rx agg address: 000000008bf5ecb7 in rx_bottom
[   38.944641] rtl8152: rx_bottom urb length 112 bytes
[   38.944645] rtl8152: rx memcpy 79 bytes.
[   38.944648] rtl8152: copy end
[   39.042590] rtl8152: rx agg address: 00000000adcac5d6 in rx_bottom
[   39.042598] rtl8152: rx_bottom urb length 120 bytes
[   39.042600] rtl8152: rx memcpy 92 bytes.
[   39.042601] rtl8152: copy end
[   39.139220] rtl8152: rx agg address: 0000000061e1e324 in rx_bottom
[   39.139232] rtl8152: rx_bottom urb length 336 bytes
[   39.139236] rtl8152: rx memcpy 305 bytes.
[   39.139239] rtl8152: copy end
[   39.238602] rtl8152: rx agg address: 000000004f17f7a2 in rx_bottom
[   39.238611] rtl8152: rx_bottom urb length 88 bytes
[   39.238614] rtl8152: rx memcpy 60 bytes.
[   39.238616] rtl8152: copy end
[   39.239726] rtl8152: rx agg address: 00000000aa32ddde in rx_bottom
[   39.239728] rtl8152: rx_bottom urb length 384 bytes
[   39.239729] rtl8152: rx memcpy 164 bytes.
[   39.239730] rtl8152: copy end
[   39.239760] rtl8152: rx memcpy 164 bytes.
[   39.239761] rtl8152: copy end
[   39.322855] rtl8152: rx agg address: 000000000ae5b473 in rx_bottom
[   39.322865] rtl8152: rx_bottom urb length 336 bytes
[   39.322869] rtl8152: rx memcpy 305 bytes.
[   39.322871] rtl8152: copy end
[   39.383363] rtl8152: rx agg address: 000000000c2092d4 in rx_bottom
[   39.383373] rtl8152: rx_bottom urb length 96 bytes
[   39.383376] rtl8152: rx memcpy 62 bytes.
[   39.383378] rtl8152: copy end
[   39.412112] rtl8152: rx agg address: 00000000c31d1ba3 in rx_bottom
[   39.412121] rtl8152: rx_bottom urb length 336 bytes
[   39.412125] rtl8152: rx memcpy 305 bytes.
[   39.412127] rtl8152: copy end
[   39.440485] rtl8152: rx agg address: 0000000050de8df0 in rx_bottom
[   39.440494] rtl8152: rx_bottom urb length 336 bytes
[   39.440497] rtl8152: rx memcpy 305 bytes.
[   39.440499] rtl8152: copy end
[   39.504734] rtl8152: rx agg address: 00000000ac200fc3 in rx_bottom
[   39.504744] rtl8152: rx_bottom urb length 360 bytes
[   39.504747] rtl8152: rx memcpy 332 bytes.
[   39.504749] rtl8152: copy end
[   39.505984] rtl8152: rx agg address: 000000008bf5ecb7 in rx_bottom
[   39.505994] rtl8152: rx_bottom urb length 360 bytes
[   39.505997] rtl8152: rx memcpy 332 bytes.
[   39.505999] rtl8152: copy end
[   39.534643] rtl8152: rx agg address: 00000000adcac5d6 in rx_bottom
[   39.534653] rtl8152: rx_bottom urb length 88 bytes
[   39.534656] rtl8152: rx memcpy 60 bytes.
[   39.534658] rtl8152: copy end
[   39.594737] rtl8152: rx agg address: 0000000061e1e324 in rx_bottom
[   39.594747] rtl8152: rx_bottom urb length 384 bytes
[   39.594750] rtl8152: rx memcpy 164 bytes.
[   39.594752] rtl8152: copy end
[   39.594777] rtl8152: rx memcpy 164 bytes.
[   39.594780] rtl8152: copy end
[   39.610361] rtl8152: rx agg address: 000000004f17f7a2 in rx_bottom
[   39.610372] rtl8152: rx_bottom urb length 384 bytes
[   39.610375] rtl8152: rx memcpy 164 bytes.
[   39.610376] rtl8152: copy end
[   39.610400] rtl8152: rx memcpy 164 bytes.
[   39.610402] rtl8152: copy end
[   39.651884] rtl8152: rx agg address: 00000000aa32ddde in rx_bottom
[   39.651894] rtl8152: rx_bottom urb length 384 bytes
[   39.651897] rtl8152: rx memcpy 164 bytes.
[   39.651899] rtl8152: copy end
[   39.651922] rtl8152: rx memcpy 164 bytes.
[   39.651924] rtl8152: copy end
[   39.666738] rtl8152: rx agg address: 000000000ae5b473 in rx_bottom
[   39.666748] rtl8152: rx_bottom urb length 240 bytes
[   39.666751] rtl8152: rx memcpy 208 bytes.
[   39.666753] rtl8152: copy end
[   39.696761] rtl8152: rx agg address: 000000000c2092d4 in rx_bottom
[   39.696771] rtl8152: rx_bottom urb length 336 bytes
[   39.696775] rtl8152: rx memcpy 305 bytes.
[   39.696776] rtl8152: copy end
[   39.751645] rtl8152: rx agg address: 00000000c31d1ba3 in rx_bottom
[   39.751655] rtl8152: rx_bottom urb length 336 bytes
[   39.751658] rtl8152: rx memcpy 305 bytes.
[   39.751660] rtl8152: copy end
[   39.778013] rtl8152: rx agg address: 0000000050de8df0 in rx_bottom
[   39.778023] rtl8152: rx_bottom urb length 168 bytes
[   39.778026] rtl8152: rx memcpy 139 bytes.
[   39.778028] rtl8152: copy end
[   39.781358] rtl8152: rx agg address: 00000000ac200fc3 in rx_bottom
[   39.781360] rtl8152: rx_bottom urb length 120 bytes
[   39.781362] rtl8152: rx memcpy 92 bytes.
[   39.781363] rtl8152: copy end
[   39.828954] rtl8152: rx agg address: 000000008bf5ecb7 in rx_bottom
[   39.828956] rtl8152: rx_bottom urb length 96 bytes
[   39.828957] rtl8152: rx memcpy 64 bytes.
[   39.828957] rtl8152: copy end
[   39.982750] rtl8152: rx agg address: 00000000adcac5d6 in rx_bottom
[   39.982758] rtl8152: rx_bottom urb length 176 bytes
[   39.982761] rtl8152: rx memcpy 60 bytes.
[   39.982762] rtl8152: copy end
[   39.982773] rtl8152: rx memcpy 60 bytes.
[   39.982788] rtl8152: copy end
[   39.983616] rtl8152: rx agg address: 0000000061e1e324 in rx_bottom
[   39.983618] rtl8152: rx_bottom urb length 176 bytes
[   39.983620] rtl8152: rx memcpy 60 bytes.
[   39.983621] rtl8152: copy end
[   39.983630] rtl8152: rx memcpy 60 bytes.
[   39.983631] rtl8152: copy end
[   39.984495] rtl8152: rx agg address: 000000004f17f7a2 in rx_bottom
[   39.984497] rtl8152: rx_bottom urb length 176 bytes
[   39.984499] rtl8152: rx memcpy 60 bytes.
[   39.984499] rtl8152: copy end
[   39.984508] rtl8152: rx memcpy 60 bytes.
[   39.984509] rtl8152: copy end
[   39.985245] rtl8152: rx agg address: 00000000aa32ddde in rx_bottom
[   39.985246] rtl8152: rx_bottom urb length 176 bytes
[   39.985248] rtl8152: rx memcpy 60 bytes.
[   39.985249] rtl8152: copy end
[   39.985257] rtl8152: rx memcpy 60 bytes.
[   39.985258] rtl8152: copy end
[   39.986076] rtl8152: rx agg address: 000000000ae5b473 in rx_bottom
[   39.986078] rtl8152: rx_bottom urb length 176 bytes
[   39.986079] rtl8152: rx memcpy 60 bytes.
[   39.986079] rtl8152: copy end
[   39.986084] rtl8152: rx memcpy 60 bytes.
[   39.986085] rtl8152: copy end
[   39.986994] rtl8152: rx agg address: 000000000c2092d4 in rx_bottom
[   39.986996] rtl8152: rx_bottom urb length 176 bytes
[   39.986998] rtl8152: rx memcpy 60 bytes.
[   39.986998] rtl8152: copy end
[   39.987007] rtl8152: rx memcpy 60 bytes.
[   39.987007] rtl8152: copy end
[   39.987744] rtl8152: rx agg address: 00000000c31d1ba3 in rx_bottom
[   39.987746] rtl8152: rx_bottom urb length 176 bytes
[   39.987748] rtl8152: rx memcpy 60 bytes.
[   39.987748] rtl8152: copy end
[   39.987757] rtl8152: rx memcpy 60 bytes.
[   39.987757] rtl8152: copy end
[   39.988580] rtl8152: rx agg address: 0000000050de8df0 in rx_bottom
[   39.988582] rtl8152: rx_bottom urb length 88 bytes
[   39.988583] rtl8152: rx memcpy 60 bytes.
[   39.988584] rtl8152: copy end
[   40.042608] rtl8152: rx agg address: 00000000ac200fc3 in rx_bottom
[   40.042619] rtl8152: rx_bottom urb length 120 bytes
[   40.042623] rtl8152: rx memcpy 92 bytes.
[   40.042624] rtl8152: copy end
[   40.083357] rtl8152: rx agg address: 000000008bf5ecb7 in rx_bottom
[   40.083368] rtl8152: rx_bottom urb length 96 bytes
[   40.083371] rtl8152: rx memcpy 62 bytes.
[   40.083373] rtl8152: copy end
[   40.084481] rtl8152: rx agg address: 00000000adcac5d6 in rx_bottom
[   40.084483] rtl8152: rx_bottom urb length 584 bytes
[   40.084485] rtl8152: rx memcpy 551 bytes.
[   40.084486] rtl8152: copy end
[   40.089210] rtl8152: rx agg address: 0000000061e1e324 in rx_bottom
[   40.089213] rtl8152: rx_bottom urb length 584 bytes
[   40.089215] rtl8152: rx memcpy 551 bytes.
[   40.089216] rtl8152: copy end
[   40.138856] rtl8152: rx agg address: 000000004f17f7a2 in rx_bottom
[   40.138867] rtl8152: rx_bottom urb length 336 bytes
[   40.138870] rtl8152: rx memcpy 305 bytes.
[   40.138872] rtl8152: copy end
[   40.240356] rtl8152: rx agg address: 00000000aa32ddde in rx_bottom
[   40.240366] rtl8152: rx_bottom urb length 176 bytes
[   40.240369] rtl8152: rx memcpy 60 bytes.
[   40.240371] rtl8152: copy end
[   40.240383] rtl8152: rx memcpy 60 bytes.
[   40.240385] rtl8152: copy end
[   40.241233] rtl8152: rx agg address: 000000000ae5b473 in rx_bottom
[   40.241235] rtl8152: rx_bottom urb length 176 bytes
[   40.241237] rtl8152: rx memcpy 60 bytes.
[   40.241237] rtl8152: copy end
[   40.241246] rtl8152: rx memcpy 60 bytes.
[   40.241246] rtl8152: copy end
[   40.242078] rtl8152: rx agg address: 000000000c2092d4 in rx_bottom
[   40.242079] rtl8152: rx_bottom urb length 176 bytes
[   40.242081] rtl8152: rx memcpy 60 bytes.
[   40.242082] rtl8152: copy end
[   40.242089] rtl8152: rx memcpy 60 bytes.
[   40.242090] rtl8152: copy end
[   40.242855] rtl8152: rx agg address: 00000000c31d1ba3 in rx_bottom
[   40.242857] rtl8152: rx_bottom urb length 176 bytes
[   40.242858] rtl8152: rx memcpy 60 bytes.
[   40.242859] rtl8152: copy end
[   40.242868] rtl8152: rx memcpy 60 bytes.
[   40.242868] rtl8152: copy end
[   40.277105] rtl8152: rx agg address: 0000000050de8df0 in rx_bottom
[   40.277115] rtl8152: rx_bottom urb length 432 bytes
[   40.277118] rtl8152: rx memcpy 187 bytes.
[   40.277120] rtl8152: copy end
[   40.277149] rtl8152: rx memcpy 187 bytes.
[   40.277151] rtl8152: copy end
[   40.324016] rtl8152: rx agg address: 00000000ac200fc3 in rx_bottom
[   40.324026] rtl8152: rx_bottom urb length 336 bytes
[   40.324029] rtl8152: rx memcpy 305 bytes.
[   40.324030] rtl8152: copy end
[   40.375979] rtl8152: rx agg address: 000000008bf5ecb7 in rx_bottom
[   40.375990] rtl8152: rx_bottom urb length 784 bytes
[   40.375993] rtl8152: rx memcpy 398 bytes.
[   40.375994] rtl8152: copy end
[   40.376020] rtl8152: rx memcpy 322 bytes.
[   40.376023] rtl8152: copy end
[   40.382262] rtl8152: rx agg address: 00000000adcac5d6 in rx_bottom
[   40.382271] rtl8152: rx_bottom urb length 104 bytes
[   40.382274] rtl8152: rx memcpy 74 bytes.
[   40.382276] rtl8152: copy end
[   40.425851] rtl8152: rx agg address: 0000000061e1e324 in rx_bottom
